 turnstile

 Timestamp is 56cd5dad (Wed Feb 24 15:37:17 2016)

 Preferred load address is 10000000

 Start         Length     Name                   Class
 0001:00000000 000000d3H .text$di                CODE
 0001:000000e0 00017cc0H .text$mn                CODE
 0001:00017da0 00000144H .text$x                 CODE
 0001:00017ef0 00000051H .text$yd                CODE
 0002:00000000 00000128H .idata$5                DATA
 0002:00000128 00000004H .CRT$XCA                DATA
 0002:0000012c 0000001cH .CRT$XCC                DATA
 0002:00000148 00000008H .CRT$XCL                DATA
 0002:00000150 00000008H .CRT$XCU                DATA
 0002:00000158 00000004H .CRT$XCZ                DATA
 0002:0000015c 00000004H .CRT$XIA                DATA
 0002:00000160 00000010H .CRT$XIC                DATA
 0002:00000170 00000004H .CRT$XIZ                DATA
 0002:00000174 00000004H .CRT$XPA                DATA
 0002:00000178 00000008H .CRT$XPX                DATA
 0002:00000180 00000004H .CRT$XPXA               DATA
 0002:00000184 00000004H .CRT$XPZ                DATA
 0002:00000188 00000004H .CRT$XTA                DATA
 0002:0000018c 00000004H .CRT$XTZ                DATA
 0002:00000190 00006d60H .rdata                  DATA
 0002:00006ef0 0000006cH .rdata$debug            DATA
 0002:00006f5c 000007acH .rdata$r                DATA
 0002:00007710 00000034H .rdata$sxdata           DATA
 0002:00007744 00000004H .rtc$IAA                DATA
 0002:00007748 00000004H .rtc$IZZ                DATA
 0002:0000774c 00000004H .rtc$TAA                DATA
 0002:00007750 00000004H .rtc$TZZ                DATA
 0002:00007758 00000864H .xdata$x                DATA
 0002:00007fbc 00000020H .didat$2                DATA
 0002:00007fdc 00000020H .didat$3                DATA
 0002:00007ffc 00000040H .didat$4                DATA
 0002:0000803c 000003deH .didat$6                DATA
 0002:0000841c 00000040H .didat$7                DATA
 0002:00008460 00000056H .edata                  DATA
 0002:000084b8 00000028H .idata$2                DATA
 0002:000084e0 00000014H .idata$3                DATA
 0002:000084f4 00000128H .idata$4                DATA
 0002:0000861c 0000053cH .idata$6                DATA
 0003:00000000 000015e8H .data                   DATA
 0003:000015e8 00000374H .data$r                 DATA
 0003:0000195c 00000040H .didat$5                DATA
 0003:000019a0 0000228cH .bss                    DATA
 0004:00000000 00000058H .rsrc$01                DATA
 0004:00000060 00000180H .rsrc$02                DATA

  Address         Publics by Value              Rva+Base       Lib:Object

 0000:00000000       ___guard_flags             00000000     <absolute>
 0000:00000000       ___guard_fids_count        00000000     <absolute>
 0000:00000000       __except_list              00000000     <absolute>
 0000:00000000       ___guard_fids_table        00000000     <absolute>
 0000:0000000d       ___safe_se_handler_count   0000000d     <absolute>
 0000:00000000       ___ImageBase               10000000     <linker-defined>
 0001:000000e0       ?get_ver@@YAXABV?$FunctionCallbackInfo@VValue@v8@@@v8@@@Z 100010e0 f   turnstile.obj
 0001:000001a0       ?test_cpp@@YAXABV?$FunctionCallbackInfo@VValue@v8@@@v8@@@Z 100011a0 f   turnstile.obj
 0001:00000250       ?openGate@@YAXABV?$FunctionCallbackInfo@VValue@v8@@@v8@@@Z 10001250 f   turnstile.obj
 0001:00000310       ?regQR@@YAXABV?$FunctionCallbackInfo@VValue@v8@@@v8@@@Z 10001310 f   turnstile.obj
 0001:000003f0       ?load_dll@@YAXABV?$FunctionCallbackInfo@VValue@v8@@@v8@@@Z 100013f0 f   turnstile.obj
 0001:00000470       ?Init@@YAXV?$Local@VObject@v8@@@v8@@0@Z 10001470 f   turnstile.obj
 0001:00000630       ??1?$basic_string@DU?$char_traits@D@std@@V?$allocator@D@2@@std@@QAE@XZ 10001630 f i turnstile.obj
 0001:00000660       ?assign@?$basic_string@DU?$char_traits@D@std@@V?$allocator@D@2@@std@@QAEAAV12@ABV12@II@Z 10001660 f i turnstile.obj
 0001:00000770       ?_Tidy@?$basic_string@DU?$char_traits@D@std@@V?$allocator@D@2@@std@@QAEX_NI@Z 10001770 f i turnstile.obj
 0001:000007c0       ?assign@?$basic_string@DU?$char_traits@D@std@@V?$allocator@D@2@@std@@QAEAAV12@PBDI@Z 100017c0 f i turnstile.obj
 0001:000008c0       ?erase@?$basic_string@DU?$char_traits@D@std@@V?$allocator@D@2@@std@@QAEAAV12@II@Z 100018c0 f i turnstile.obj
 0001:00000960       ?_Grow@?$basic_string@DU?$char_traits@D@std@@V?$allocator@D@2@@std@@QAE_NI_N@Z 10001960 f i turnstile.obj
 0001:00000a10       ?_Copy@?$basic_string@DU?$char_traits@D@std@@V?$allocator@D@2@@std@@QAEXII@Z 10001a10 f i turnstile.obj
 0001:00000ad0       ?what@exception@stdext@@UBEPBDXZ 10001ad0 f i icbc.obj
 0001:00000ae0       ?_Raise@exception@stdext@@QBEXXZ 10001ae0 f i icbc.obj
 0001:00000b10       ?_Unlock@?$basic_streambuf@DU?$char_traits@D@std@@@std@@UAEXXZ 10001b10 f i libcpmt:cout.obj
 0001:00000b10       ?_Doraise@exception@stdext@@MBEXXZ 10001b10 f i icbc.obj
 0001:00000b10       ?_Lock@?$basic_streambuf@DU?$char_traits@D@std@@@std@@UAEXXZ 10001b10 f i libcpmt:cout.obj
 0001:00000b20       ??_E_System_error@std@@UAEPAXI@Z 10001b20 f i * CIL library *:* CIL module *
 0001:00000b20       ??_Gfailure@ios_base@std@@UAEPAXI@Z 10001b20 f i icbc.obj
 0001:00000b20       ??_Efailure@ios_base@std@@UAEPAXI@Z 10001b20 f i * CIL library *:* CIL module *
 0001:00000b20       ??_Gruntime_error@std@@UAEPAXI@Z 10001b20 f i icbc.obj
 0001:00000b20       ??_Gexception@stdext@@UAEPAXI@Z 10001b20 f i icbc.obj
 0001:00000b20       ??_Eexception@stdext@@UAEPAXI@Z 10001b20 f i * CIL library *:* CIL module *
 0001:00000b20       ??_Eruntime_error@std@@UAEPAXI@Z 10001b20 f i * CIL library *:* CIL module *
 0001:00000b20       ??_G_System_error@std@@UAEPAXI@Z 10001b20 f i icbc.obj
 0001:00000b40       ??0_Locinfo@std@@QAE@PBD@Z 10001b40 f i icbc.obj
 0001:00000bc0       ??1_Locinfo@std@@QAE@XZ    10001bc0 f i icbc.obj
 0001:00000c60       ??_E_Facet_base@std@@UAEPAXI@Z 10001c60 f i * CIL library *:* CIL module *
 0001:00000c60       ??_G_Facet_base@std@@UAEPAXI@Z 10001c60 f i icbc.obj
 0001:00000c80       ??Bid@locale@std@@QAEIXZ   10001c80 f i icbc.obj
 0001:00000cc0       ?_Incref@facet@locale@std@@UAEXXZ 10001cc0 f i icbc.obj
 0001:00000cd0       ?_Decref@facet@locale@std@@UAEPAV_Facet_base@3@XZ 10001cd0 f i icbc.obj
 0001:00000cf0       ??1locale@std@@QAE@XZ      10001cf0 f i icbc.obj
 0001:00000d10       ?c_str@locale@std@@QBEPBDXZ 10001d10 f i icbc.obj
 0001:00000d30       ?_Getfacet@locale@std@@QBEPBVfacet@12@I@Z 10001d30 f i icbc.obj
 0001:00000d70       ?_Getcat@?$ctype@D@std@@SAIPAPBVfacet@locale@2@PBV42@@Z 10001d70 f i icbc.obj
 0001:00000e10       ?do_tolower@?$ctype@D@std@@MBEDD@Z 10001e10 f i icbc.obj
 0001:00000e30       ?do_tolower@?$ctype@D@std@@MBEPBDPADPBD@Z 10001e30 f i icbc.obj
 0001:00000e70       ?do_toupper@?$ctype@D@std@@MBEDD@Z 10001e70 f i icbc.obj
 0001:00000e90       ?do_toupper@?$ctype@D@std@@MBEPBDPADPBD@Z 10001e90 f i icbc.obj
 0001:00000ed0       ?do_widen@?$ctype@D@std@@MBEDD@Z 10001ed0 f i icbc.obj
 0001:00000ee0       ?do_widen@?$ctype@D@std@@MBEPBDPBD0PAD@Z 10001ee0 f i icbc.obj
 0001:00000f00       ?do_narrow@?$ctype@D@std@@MBEDDD@Z 10001f00 f i icbc.obj
 0001:00000f10       ?do_narrow@?$ctype@D@std@@MBEPBDPBD0DPAD@Z 10001f10 f i icbc.obj
 0001:00000f30       ??_E?$ctype@D@std@@MAEPAXI@Z 10001f30 f i * CIL library *:* CIL module *
 0001:00000f30       ??_G?$ctype@D@std@@MAEPAXI@Z 10001f30 f i icbc.obj
 0001:00000f80       ?_Makestr@_System_error@std@@CA?AV?$basic_string@DU?$char_traits@D@std@@V?$allocator@D@2@@2@Verror_code@2@V32@@Z 10001f80 f i icbc.obj
 0001:00001040       ??0_System_error@std@@IAE@Verror_code@1@ABV?$basic_string@DU?$char_traits@D@std@@V?$allocator@D@2@@1@@Z 10002040 f i icbc.obj
 0001:000010e0       ??0failure@ios_base@std@@QAE@PBDABVerror_code@2@@Z 100020e0 f i icbc.obj
 0001:00001190       ?clear@ios_base@std@@QAEXH_N@Z 10002190 f i icbc.obj
 0001:00001210       ?init_icbc@@YAHXZ          10002210 f   icbc.obj
 0001:00001510       ?GetDllVersion@@YA?AV?$basic_string@DU?$char_traits@D@std@@V?$allocator@D@2@@std@@XZ 10002510 f   icbc.obj
 0001:000015e0       ?append@?$basic_string@DU?$char_traits@D@std@@V?$allocator@D@2@@std@@QAEAAV12@ABV12@II@Z 100025e0 f i icbc.obj
 0001:000016e0       ?append@?$basic_string@DU?$char_traits@D@std@@V?$allocator@D@2@@std@@QAEAAV12@PBDI@Z 100026e0 f i icbc.obj
 0001:00001810       ?widen@?$basic_ios@DU?$char_traits@D@std@@@std@@QBEDD@Z 10002810 f i icbc.obj
 0001:00001860       ?flush@?$basic_ostream@DU?$char_traits@D@std@@@std@@QAEAAV12@XZ 10002860 f i icbc.obj
 0001:00001950       ??0sentry@?$basic_ostream@DU?$char_traits@D@std@@@std@@QAE@AAV12@@Z 10002950 f i icbc.obj
 0001:000019b0       ?_Osfx@?$basic_ostream@DU?$char_traits@D@std@@@std@@QAEXXZ 100029b0 f i icbc.obj
 0001:00001a70       ??$use_facet@V?$ctype@D@std@@@std@@YAABV?$ctype@D@0@ABVlocale@0@@Z 10002a70 f i icbc.obj
 0001:00001b60       ??$?6U?$char_traits@D@std@@@std@@YAAAV?$basic_ostream@DU?$char_traits@D@std@@@0@AAV10@PBD@Z 10002b60 f i icbc.obj
 0001:00001e6b       __imp_load__node_module_register 10002e6b f   node:node.exe
 0001:00001e75       __tailMerge_node_exe       10002e75 f i node:node.exe
 0001:00001e86       __imp_load_?Global@Context@v8@@QAE?AV?$Local@VObject@v8@@@2@XZ 10002e86 f   node:node.exe
 0001:00001e90       __imp_load_?DisposeGlobal@V8@v8@@CAXPAPAVObject@internal@2@@Z 10002e90 f   node:node.exe
 0001:00001e9a       __imp_load_?GlobalizeReference@V8@v8@@CAPAPAVObject@internal@2@PAVIsolate@42@PAPAV342@@Z 10002e9a f   node:node.exe
 0001:00001ea4       __imp_load_?GetFunction@FunctionTemplate@v8@@QAE?AV?$Local@VFunction@v8@@@2@XZ 10002ea4 f   node:node.exe
 0001:00001eae       __imp_load_?New@FunctionTemplate@v8@@SA?AV?$Local@VFunctionTemplate@v8@@@2@PAVIsolate@2@P6AXABV?$FunctionCallbackInfo@VValue@v8@@@2@@ZV?$Local@VValue@v8@@@2@V?$Local@VSignature@v8@@@2@H@Z 10002eae f   node:node.exe
 0001:00001eb8       __imp_load_?NewFromUtf8@String@v8@@SA?AV?$Local@VString@v8@@@2@PAVIsolate@2@PBDW4NewStringType@12@H@Z 10002eb8 f   node:node.exe
 0001:00001ec2       __imp_load_?CreateHandle@HandleScope@v8@@KAPAPAVObject@internal@2@PAVIsolate@42@PAV342@@Z 10002ec2 f   node:node.exe
 0001:00001ecc       __imp_load_??1HandleScope@v8@@QAE@XZ 10002ecc f   node:node.exe
 0001:00001ed6       __imp_load_??0HandleScope@v8@@QAE@PAVIsolate@1@@Z 10002ed6 f   node:node.exe
 0001:00001ee0       __imp_load_?New@Number@v8@@SA?AV?$Local@VNumber@v8@@@2@PAVIsolate@2@N@Z 10002ee0 f   node:node.exe
 0001:00001eea       __imp_load_?Set@Object@v8@@QAE_NV?$Local@VValue@v8@@@2@0@Z 10002eea f   node:node.exe
 0001:00001ef4       __imp_load_?Call@Function@v8@@QAE?AV?$Local@VValue@v8@@@2@V32@HQAV32@@Z 10002ef4 f   node:node.exe
 0001:00001efe       __imp_load_?GetCurrentContext@Isolate@v8@@QAE?AV?$Local@VContext@v8@@@2@XZ 10002efe f   node:node.exe
 0001:00001f08       __imp_load_?GetCurrent@Isolate@v8@@SAPAV12@XZ 10002f08 f   node:node.exe
 0001:00001f12       ??0bad_alloc@std@@QAE@ABV01@@Z 10002f12 f i libcpmt:xthrow.obj
 0001:00001f2d       ??0length_error@std@@QAE@ABV01@@Z 10002f2d f i libcpmt:xthrow.obj
 0001:00001f48       ??0logic_error@std@@QAE@ABV01@@Z 10002f48 f i libcpmt:xthrow.obj
 0001:00001f63       ??0out_of_range@std@@QAE@ABV01@@Z 10002f63 f i libcpmt:xthrow.obj
 0001:00001f7e       ??1bad_alloc@std@@UAE@XZ   10002f7e f i libcpmt:xthrow.obj
 0001:00001f89       ??1length_error@std@@UAE@XZ 10002f89 f i libcpmt:xthrow.obj
 0001:00001f89       ??1out_of_range@std@@UAE@XZ 10002f89 f i libcpmt:xthrow.obj
 0001:00001f8e       ??_Ebad_alloc@std@@UAEPAXI@Z 10002f8e f i libcpmt:xthrow.obj
 0001:00001f8e       ??_Gbad_alloc@std@@UAEPAXI@Z 10002f8e f i libcpmt:xthrow.obj
 0001:00001fb3       ??_Eout_of_range@std@@UAEPAXI@Z 10002fb3 f i libcpmt:xthrow.obj
 0001:00001fb3       ??_Glength_error@std@@UAEPAXI@Z 10002fb3 f i libcpmt:xthrow.obj
 0001:00001fb3       ??_Elength_error@std@@UAEPAXI@Z 10002fb3 f i libcpmt:xthrow.obj
 0001:00001fb3       ??_Gout_of_range@std@@UAEPAXI@Z 10002fb3 f i libcpmt:xthrow.obj
 0001:00001fb3       ??_Elogic_error@std@@UAEPAXI@Z 10002fb3 f i libcpmt:xthrow.obj
 0001:00001fb3       ??_Glogic_error@std@@UAEPAXI@Z 10002fb3 f i libcpmt:xthrow.obj
 0001:00001fd2       ?_Xbad_alloc@std@@YAXXZ    10002fd2 f   libcpmt:xthrow.obj
 0001:00002003       ?_Xlength_error@std@@YAXPBD@Z 10003003 f   libcpmt:xthrow.obj
 0001:00002031       ?_Xout_of_range@std@@YAXPBD@Z 10003031 f   libcpmt:xthrow.obj
 0001:0000205f       ??0_Locimp@locale@std@@AAE@_N@Z 1000305f f i libcpmt:locale0.obj
 0001:0000209c       ??1_Fac_node@std@@QAE@XZ   1000309c f i libcpmt:locale0.obj
 0001:000020b1       ??1_Fac_tidy_reg_t@std@@QAE@XZ 100030b1 f i libcpmt:locale0.obj
 0001:000020d5       ??1_Locimp@locale@std@@MAE@XZ 100030d5 f i libcpmt:locale0.obj
 0001:00002100       ??4?$_Yarn@D@std@@QAEAAV01@PBD@Z 10003100 f i libcpmt:locale0.obj
 0001:00002154       ??_E_Locimp@locale@std@@MAEPAXI@Z 10003154 f i libcpmt:locale0.obj
 0001:00002154       ??_G_Locimp@locale@std@@MAEPAXI@Z 10003154 f i libcpmt:locale0.obj
 0001:00002173       ?_Facet_Register@std@@YAXPAV_Facet_base@1@@Z 10003173 f   libcpmt:locale0.obj
 0001:0000219b       ?_Getgloballocale@locale@std@@CAPAV_Locimp@12@XZ 1000319b f   libcpmt:locale0.obj
 0001:000021a1       ?_Init@locale@std@@CAPAV_Locimp@12@_N@Z 100031a1 f   libcpmt:locale0.obj
 0001:0000221d       ?_Locimp_dtor@_Locimp@locale@std@@CAXPAV123@@Z 1000321d f   libcpmt:locale0.obj
 0001:00002276       ?_Locinfo_ctor@_Locinfo@std@@SAXPAV12@PBD@Z 10003276 f   libcpmt:locale0.obj
 0001:000022c1       ?_Locinfo_dtor@_Locinfo@std@@SAXPAV12@@Z 100032c1 f   libcpmt:locale0.obj
 0001:000022e3       ?_New_Locimp@_Locimp@locale@std@@CAPAV123@_N@Z 100032e3 f   libcpmt:locale0.obj
 0001:00002302       ?_Setgloballocale@locale@std@@CAXPAX@Z 10003302 f   libcpmt:locale0.obj
 0001:0000232a       __Deletegloballocale       1000332a f   libcpmt:locale0.obj
 0001:00002375       ??$_Fgetc@D@std@@YA_NAADPAU_iobuf@@@Z 10003375 f i libcpmt:cout.obj
 0001:00002395       ??$_Fputc@D@std@@YA_NDPAU_iobuf@@@Z 10003395 f i libcpmt:cout.obj
 0001:000023b3       ??$_Ungetc@D@std@@YA_NABDPAU_iobuf@@@Z 100033b3 f i libcpmt:cout.obj
 0001:000023d1       ??$use_facet@V?$codecvt@DDH@std@@@std@@YAABV?$codecvt@DDH@0@ABVlocale@0@@Z 100033d1 f i libcpmt:cout.obj
 0001:0000246a       ??0?$basic_ostream@DU?$char_traits@D@std@@@std@@QAE@PAV?$basic_streambuf@DU?$char_traits@D@std@@@1@_N@Z 1000346a f i libcpmt:cout.obj
 0001:000024d1       ??0?$basic_streambuf@DU?$char_traits@D@std@@@std@@IAE@XZ 100034d1 f i libcpmt:cout.obj
 0001:00002506       ??0_Init_cout@std@@QAE@XZ  10003506 f i libcpmt:cout.obj
 0001:0000255f       ??1?$basic_filebuf@DU?$char_traits@D@std@@@std@@UAE@XZ 1000355f f i libcpmt:cout.obj
 0001:00002588       ??1?$basic_ios@DU?$char_traits@D@std@@@std@@UAE@XZ 10003588 f i libcpmt:cout.obj
 0001:00002596       ??1?$basic_streambuf@DU?$char_traits@D@std@@@std@@UAE@XZ 10003596 f i libcpmt:cout.obj
 0001:000025b4       ??_D?$basic_ostream@DU?$char_traits@D@std@@@std@@QAEXXZ 100035b4 f i libcpmt:cout.obj
 0001:000025e0       ??_E?$basic_ostream@DU?$char_traits@D@std@@@std@@$4PPPPPPPM@A@AEPAXI@Z 100035e0 f i libcpmt:cout.obj
 0001:000025e8       ??_G?$basic_filebuf@DU?$char_traits@D@std@@@std@@UAEPAXI@Z 100035e8 f i libcpmt:cout.obj
 0001:000025e8       ??_E?$basic_filebuf@DU?$char_traits@D@std@@@std@@UAEPAXI@Z 100035e8 f i libcpmt:cout.obj
 0001:00002607       ??_Eios_base@std@@UAEPAXI@Z 10003607 f i libcpmt:cout.obj
 0001:00002607       ??_Gios_base@std@@UAEPAXI@Z 10003607 f i libcpmt:cout.obj
 0001:00002607       ??_G?$basic_ios@DU?$char_traits@D@std@@@std@@UAEPAXI@Z 10003607 f i libcpmt:cout.obj
 0001:00002607       ??_E?$basic_ios@DU?$char_traits@D@std@@@std@@UAEPAXI@Z 10003607 f i libcpmt:cout.obj
 0001:0000262e       ??_G?$basic_ostream@DU?$char_traits@D@std@@@std@@UAEPAXI@Z 1000362e f i libcpmt:cout.obj
 0001:0000262e       ??_E?$basic_ostream@DU?$char_traits@D@std@@@std@@UAEPAXI@Z 1000362e f i libcpmt:cout.obj
 0001:00002650       ??_E?$basic_streambuf@DU?$char_traits@D@std@@@std@@UAEPAXI@Z 10003650 f i libcpmt:cout.obj
 0001:00002650       ??_G?$basic_streambuf@DU?$char_traits@D@std@@@std@@UAEPAXI@Z 10003650 f i libcpmt:cout.obj
 0001:0000266f       ??_E?$codecvt@DDH@std@@MAEPAXI@Z 1000366f f i libcpmt:cout.obj
 0001:0000266f       ??_G?$codecvt@DDH@std@@MAEPAXI@Z 1000366f f i libcpmt:cout.obj
 0001:0000268f       ?_Chassign@?$basic_string@DU?$char_traits@D@std@@V?$allocator@D@2@@std@@QAEXIID@Z 1000368f f i libcpmt:cout.obj
 0001:000026d1       ?_Endwrite@?$basic_filebuf@DU?$char_traits@D@std@@@std@@IAE_NXZ 100036d1 f i libcpmt:cout.obj
 0001:000027ca       ?_Getcat@?$codecvt@DDH@std@@SAIPAPBVfacet@locale@2@PBV42@@Z 100037ca f i libcpmt:cout.obj
 0001:00002832       ?_Init@?$basic_filebuf@DU?$char_traits@D@std@@@std@@IAEXPAU_iobuf@@W4_Initfl@12@@Z 10003832 f i libcpmt:cout.obj
 0001:0000287e       ?_Init@?$basic_streambuf@DU?$char_traits@D@std@@@std@@IAEXXZ 1000387e f i libcpmt:cout.obj
 0001:000028c2       ?_Init@ios_base@std@@IAEXXZ 100038c2 f i libcpmt:cout.obj
 0001:00002919       ?_Initcvt@?$basic_filebuf@DU?$char_traits@D@std@@@std@@IAEXPBV?$codecvt@DDH@2@@Z 10003919 f i libcpmt:cout.obj
 0001:00002944       ?_Lock@?$basic_filebuf@DU?$char_traits@D@std@@@std@@UAEXXZ 10003944 f i libcpmt:cout.obj
 0001:00002954       ?_Reset_back@?$basic_filebuf@DU?$char_traits@D@std@@@std@@AAEXXZ 10003954 f i libcpmt:cout.obj
 0001:00002977       ?_Set_back@?$basic_filebuf@DU?$char_traits@D@std@@@std@@AAEXXZ 10003977 f i libcpmt:cout.obj
 0001:000029ad       ?_Unlock@?$basic_filebuf@DU?$char_traits@D@std@@@std@@UAEXXZ 100039ad f i libcpmt:cout.obj
 0001:000029bd       ?append@?$basic_string@DU?$char_traits@D@std@@V?$allocator@D@2@@std@@QAEAAV12@ID@Z 100039bd f i libcpmt:cout.obj
 0001:00002a1e       ?assign@?$basic_string@DU?$char_traits@D@std@@V?$allocator@D@2@@std@@QAEAAV12@ID@Z 10003a1e f i libcpmt:cout.obj
 0001:00002a6c       ?close@?$basic_filebuf@DU?$char_traits@D@std@@@std@@QAEPAV12@XZ 10003a6c f i libcpmt:cout.obj
 0001:00002ac2       ?do_always_noconv@?$codecvt@DDH@std@@MBE_NXZ 10003ac2 f i libcpmt:cout.obj
 0001:00002ac5       ?do_max_length@codecvt_base@std@@MBEHXZ 10003ac5 f i libcpmt:cout.obj
 0001:00002ac5       ?do_encoding@codecvt_base@std@@MBEHXZ 10003ac5 f i libcpmt:cout.obj
 0001:00002ac9       ?do_length@?$codecvt@DDH@std@@MBEHAAHPBD1I@Z 10003ac9 f i libcpmt:cout.obj
 0001:00002ae1       ?do_in@?$codecvt@DDH@std@@MBEHAAHPBD1AAPBDPAD3AAPAD@Z 10003ae1 f i libcpmt:cout.obj
 0001:00002ae1       ?do_out@?$codecvt@DDH@std@@MBEHAAHPBD1AAPBDPAD3AAPAD@Z 10003ae1 f i libcpmt:cout.obj
 0001:00002afb       ?do_unshift@?$codecvt@DDH@std@@MBEHAAHPAD1AAPAD@Z 10003afb f i libcpmt:cout.obj
 0001:00002b0c       ?imbue@?$basic_filebuf@DU?$char_traits@D@std@@@std@@MAEXABVlocale@2@@Z 10003b0c f i libcpmt:cout.obj
 0001:00002b28       ?imbue@?$basic_streambuf@DU?$char_traits@D@std@@@std@@MAEXABVlocale@2@@Z 10003b28 f i libcpmt:cout.obj
 0001:00002b2b       ?init@?$basic_ios@DU?$char_traits@D@std@@@std@@IAEXPAV?$basic_streambuf@DU?$char_traits@D@std@@@2@_N@Z 10003b2b f i libcpmt:cout.obj
 0001:00002b74       ?overflow@?$basic_filebuf@DU?$char_traits@D@std@@@std@@MAEHH@Z 10003b74 f i libcpmt:cout.obj
 0001:00002d01       ?overflow@?$basic_streambuf@DU?$char_traits@D@std@@@std@@MAEHH@Z 10003d01 f i libcpmt:cout.obj
 0001:00002d01       ?pbackfail@?$basic_streambuf@DU?$char_traits@D@std@@@std@@MAEHH@Z 10003d01 f i libcpmt:cout.obj
 0001:00002d07       ?pbackfail@?$basic_filebuf@DU?$char_traits@D@std@@@std@@MAEHH@Z 10003d07 f i libcpmt:cout.obj
 0001:00002d8b       ?seekoff@?$basic_filebuf@DU?$char_traits@D@std@@@std@@MAE?AV?$fpos@H@2@_JHH@Z 10003d8b f i libcpmt:cout.obj
 0001:00002e46       ?seekoff@?$basic_streambuf@DU?$char_traits@D@std@@@std@@MAE?AV?$fpos@H@2@_JHH@Z 10003e46 f i libcpmt:cout.obj
 0001:00002e6c       ?seekpos@?$basic_filebuf@DU?$char_traits@D@std@@@std@@MAE?AV?$fpos@H@2@V32@H@Z 10003e6c f i libcpmt:cout.obj
 0001:00002f24       ?seekpos@?$basic_streambuf@DU?$char_traits@D@std@@@std@@MAE?AV?$fpos@H@2@V32@H@Z 10003f24 f i libcpmt:cout.obj
 0001:00002f4a       ?setbuf@?$basic_filebuf@DU?$char_traits@D@std@@@std@@MAEPAV?$basic_streambuf@DU?$char_traits@D@std@@@2@PAD_J@Z 10003f4a f i libcpmt:cout.obj
 0001:00002f98       ?setbuf@?$basic_streambuf@DU?$char_traits@D@std@@@std@@MAEPAV12@PAD_J@Z 10003f98 f i libcpmt:cout.obj
 0001:00002f9d       ?showmanyc@?$basic_streambuf@DU?$char_traits@D@std@@@std@@MAE_JXZ 10003f9d f i libcpmt:cout.obj
 0001:00002fa2       ?sync@?$basic_filebuf@DU?$char_traits@D@std@@@std@@MAEHXZ 10003fa2 f i libcpmt:cout.obj
 0001:00002fcd       ?uflow@?$basic_filebuf@DU?$char_traits@D@std@@@std@@MAEHXZ 10003fcd f i libcpmt:cout.obj
 0001:0000315d       ?uflow@?$basic_streambuf@DU?$char_traits@D@std@@@std@@MAEHXZ 1000415d f i libcpmt:cout.obj
 0001:00003182       ?underflow@?$basic_filebuf@DU?$char_traits@D@std@@@std@@MAEHXZ 10004182 f i libcpmt:cout.obj
 0001:000031bc       ?underflow@?$basic_streambuf@DU?$char_traits@D@std@@@std@@MAEHXZ 100041bc f i libcpmt:cout.obj
 0001:000031c0       ?xsgetn@?$basic_streambuf@DU?$char_traits@D@std@@@std@@MAE_JPAD_J@Z 100041c0 f i libcpmt:cout.obj
 0001:000032ae       ?xsputn@?$basic_streambuf@DU?$char_traits@D@std@@@std@@MAE_JPBD_J@Z 100042ae f i libcpmt:cout.obj
 0001:0000339d       ??0_Init_locks@std@@QAE@XZ 1000439d f   libcpmt:xlock.obj
 0001:000033cb       ??0_Lockit@std@@QAE@H@Z    100043cb f   libcpmt:xlock.obj
 0001:000033fe       ??1_Init_locks@std@@QAE@XZ 100043fe f   libcpmt:xlock.obj
 0001:00003426       ??1_Lockit@std@@QAE@XZ     10004426 f   libcpmt:xlock.obj
 0001:0000344a       __Getctype                 1000444a f   libcpmt:_tolower.obj
 0001:000034b6       __Tolower                  100044b6 f   libcpmt:_tolower.obj
 0001:000035b5       __Toupper                  100045b5 f   libcpmt:_toupper.obj
 0001:000036b4       ??1_Init_atexit@@QAE@XZ    100046b4 f i libcpmt:iosptrs.obj
 0001:000036dd       ?_Atexit@@YAXP6AXXZ@Z      100046dd f   libcpmt:iosptrs.obj
 0001:0000370b       ?_Addstd@ios_base@std@@SAXPAV12@@Z 1000470b f   libcpmt:ios.obj
 0001:0000375c       ?_Callfns@ios_base@std@@AAEXW4event@12@@Z 1000475c f i libcpmt:ios.obj
 0001:00003781       ?_Ios_base_dtor@ios_base@std@@CAXPAV12@@Z 10004781 f   libcpmt:ios.obj
 0001:000037be       ?_Tidy@ios_base@std@@AAEXXZ 100047be f i libcpmt:ios.obj
 0001:00003800       __Mtxdst                   10004800 f   libcpmt:xmtx.obj
 0001:0000380e       __Mtxinit                  1000480e f   libcpmt:xmtx.obj
 0001:00003825       __Mtxlock                  10004825 f   libcpmt:xmtx.obj
 0001:00003833       __Mtxunlock                10004833 f   libcpmt:xmtx.obj
 0001:00003841       @__security_check_cookie@4 10004841 f   LIBCMT:secchk.obj
 0001:00003850       _memmove                   10004850 f   LIBCMT:memmove.obj
 0001:00003e94       ___onexitinit              10004e94 f   LIBCMT:onexit.obj
 0001:00003ec3       __onexit                   10004ec3 f   LIBCMT:onexit.obj
 0001:00003fbf       _atexit                    10004fbf f   LIBCMT:onexit.obj
 0001:00003fd4       __purecall                 10004fd4 f   LIBCMT:purevirt.obj
 0001:00003ff6       ??3@YAXPAX@Z               10004ff6 f   LIBCMT:delete.obj
 0001:00003ffb       ??2@YAPAXI@Z               10004ffb f   LIBCMT:new.obj
 0001:0000404c       __set_abort_behavior       1000504c f   LIBCMT:abort.obj
 0001:0000406b       _abort                     1000506b f   LIBCMT:abort.obj
 0001:000040ae       __call_reportfault         100050ae f   LIBCMT:invarg.obj
 0001:000041d3       __initp_misc_invarg        100051d3 f   LIBCMT:invarg.obj
 0001:000041e0       __invalid_parameter        100051e0 f   LIBCMT:invarg.obj
 0001:0000420b       __invalid_parameter_noinfo 1000520b f   LIBCMT:invarg.obj
 0001:0000421b       __invoke_watson            1000521b f   LIBCMT:invarg.obj
 0001:00004246       _free                      10005246 f   LIBCMT:free.obj
 0001:0000427e       ??_V@YAXPAX@Z              1000527e f   LIBCMT:delete2.obj
 0001:00004283       ??0_LocaleUpdate@@QAE@PAUlocaleinfo_struct@@@Z 10005283 f i LIBCMT:stricmp.obj
 0001:0000430b       ___ascii_stricmp           1000530b f   LIBCMT:stricmp.obj
 0001:00004344       __stricmp                  10005344 f   LIBCMT:stricmp.obj
 0001:0000438b       __stricmp_l                1000538b f   LIBCMT:stricmp.obj
 0001:00004420       __CRT_INIT@12              10005420 f   LIBCMT:dllcrt0.obj
 0001:00004592       __DllMainCRTStartup@12     10005592 f   LIBCMT:dllcrt0.obj
 0001:000046c3       ___DllXcptFilter           100056c3 f   LIBCMT:dllcrt0.obj
 0001:000046f0       _memcpy                    100056f0 f   LIBCMT:memcpy.obj
 0001:00004d40       _strlen                    10005d40 f   LIBCMT:strlen.obj
 0001:00004dcb       __CxxThrowException@8      10005dcb f   LIBCMT:throw.obj
 0001:00004e2e       __EH_epilog3               10005e2e f   LIBCMT:ehprolg3.obj
 0001:00004e42       __EH_epilog3_GS            10005e42 f   LIBCMT:ehprolg3.obj
 0001:00004e51       __EH_prolog3               10005e51 f   LIBCMT:ehprolg3.obj
 0001:00004e84       __EH_prolog3_GS            10005e84 f   LIBCMT:ehprolg3.obj
 0001:00004eba       __EH_prolog3_catch         10005eba f   LIBCMT:ehprolg3.obj
 0001:00004fc0       ?_CallCatchBlock2@@YAPAXPAUEHRegistrationNode@@PBU_s_FuncInfo@@PAXHK@Z 10005fc0 f   LIBCMT:_trnsctrl_.obj
 0001:00005020       ?_CallMemberFunction0@@YGXPAX0@Z 10006020 f   LIBCMT:_trnsctrl_.obj
 0001:00005020       ?_CallMemberFunction1@@YGXPAX00@Z 10006020 f   LIBCMT:_trnsctrl_.obj
 0001:00005020       ?_CallMemberFunction2@@YGXPAX00H@Z 10006020 f   LIBCMT:_trnsctrl_.obj
 0001:00005027       ?_CallSETranslator@@YAHPAUEHExceptionRecord@@PAUEHRegistrationNode@@PAX2PBU_s_FuncInfo@@H1@Z 10006027 f   LIBCMT:_trnsctrl_.obj
 0001:000050fe       ?_GetRangeOfTrysToCheck@@YAPBU_s_TryBlockMapEntry@@PBU_s_FuncInfo@@HHPAI1@Z 100060fe f   LIBCMT:_trnsctrl_.obj
 0001:0000517c       ?_JumpToContinuation@@YGXPAXPAUEHRegistrationNode@@@Z 1000617c f   LIBCMT:_trnsctrl_.obj
 0001:000051ae       ?_UnwindNestedFrames@@YGXPAUEHRegistrationNode@@PAUEHExceptionRecord@@@Z 100061ae f   LIBCMT:_trnsctrl_.obj
 0001:00005203       __CreateFrameInfo          10006203 f   LIBCMT:_trnsctrl_.obj
 0001:0000522d       __FindAndUnlinkFrame       1000622d f   LIBCMT:_trnsctrl_.obj
 0001:0000527d       __IsExceptionObjectToBeDestroyed 1000627d f   LIBCMT:_trnsctrl_.obj
 0001:000052a6       ___CxxFrameHandler3        100062a6 f   LIBCMT:_trnsctrl_.obj
 0001:000052dc       ??1type_info@@UAE@XZ       100062dc f   LIBCMT:typinfo.obj
 0001:000052ea       ??8type_info@@QBE_NABV0@@Z 100062ea f   LIBCMT:typinfo.obj
 0001:00005308       ??_Gtype_info@@UAEPAXI@Z   10006308 f i LIBCMT:typinfo.obj
 0001:00005308       ??_Etype_info@@UAEPAXI@Z   10006308 f i LIBCMT:typinfo.obj
 0001:00005327       __fpmath                   10006327 f   LIBCMT:fpinit.obj
 0001:0000533e       __cfltcvt_init             1000633e f   LIBCMT:fpinit.obj
 0001:0000539e       ??0bad_cast@std@@QAE@ABV01@@Z 1000639e f   LIBCMT:stdexcpt.obj
 0001:000053b9       ??0bad_cast@std@@QAE@PBD@Z 100063b9 f   LIBCMT:stdexcpt.obj
 0001:000053d5       ??0exception@std@@QAE@ABQBD@Z 100063d5 f   LIBCMT:stdexcpt.obj
 0001:000053fa       ??0exception@std@@QAE@ABQBDH@Z 100063fa f   LIBCMT:stdexcpt.obj
 0001:00005415       ??0exception@std@@QAE@ABV01@@Z 10006415 f   LIBCMT:stdexcpt.obj
 0001:00005438       ??1exception@std@@UAE@XZ   10006438 f   LIBCMT:stdexcpt.obj
 0001:00005438       ??1bad_cast@std@@UAE@XZ    10006438 f   LIBCMT:stdexcpt.obj
 0001:00005443       ??4exception@std@@QAEAAV01@ABV01@@Z 10006443 f   LIBCMT:stdexcpt.obj
 0001:00005476       ??_Ebad_cast@std@@UAEPAXI@Z 10006476 f i LIBCMT:stdexcpt.obj
 0001:00005476       ??_Eexception@std@@UAEPAXI@Z 10006476 f i LIBCMT:stdexcpt.obj
 0001:00005476       ??_Gbad_cast@std@@UAEPAXI@Z 10006476 f i LIBCMT:stdexcpt.obj
 0001:00005476       ??_Gexception@std@@UAEPAXI@Z 10006476 f i LIBCMT:stdexcpt.obj
 0001:0000549b       ?_Copy_str@exception@std@@AAEXPBD@Z 1000649b f   LIBCMT:stdexcpt.obj
 0001:000054d9       ?_Tidy@exception@std@@AAEXXZ 100064d9 f   LIBCMT:stdexcpt.obj
 0001:000054f5       ?what@exception@std@@UBEPBDXZ 100064f5 f   LIBCMT:stdexcpt.obj
 0001:00005502       _malloc                    10006502 f   LIBCMT:malloc.obj
 0001:00005594       _setlocale                 10006594 f   LIBCMT:setlocal.obj
 0001:00005778       ___initstdio               10006778 f   LIBCMT:_file.obj
 0001:000057eb       ___endstdio                100067eb f   LIBCMT:_file.obj
 0001:00005812       ___iob_func                10006812 f   LIBCMT:_file.obj
 0001:00005818       __lock_file                10006818 f   LIBCMT:_file.obj
 0001:00005857       __lock_file2               10006857 f   LIBCMT:_file.obj
 0001:00005887       __unlock_file              10006887 f   LIBCMT:_file.obj
 0001:000058c1       __unlock_file2             100068c1 f   LIBCMT:_file.obj
 0001:000058ee       __fclose_nolock            100068ee f   LIBCMT:fclose.obj
 0001:0000595a       _fclose                    1000695a f   LIBCMT:fclose.obj
 0001:000059d1       __fflush_nolock            100069d1 f   LIBCMT:fflush.obj
 0001:00005a17       __flush                    10006a17 f   LIBCMT:fflush.obj
 0001:00005a7b       __flushall                 10006a7b f   LIBCMT:fflush.obj
 0001:00005a84       _fflush                    10006a84 f   LIBCMT:fflush.obj
 0001:00005bc1       _fgetc                     10006bc1 f   LIBCMT:fgetc.obj
 0001:00005cba       _fgetpos                   10006cba f   LIBCMT:fgetpos.obj
 0001:00005d0f       _fputc                     10006d0f f   LIBCMT:fputc.obj
 0001:00005e10       _fsetpos                   10006e10 f   LIBCMT:fsetpos.obj
 0001:00005e49       __fseeki64                 10006e49 f   LIBCMT:fseeki64.obj
 0001:00005ecf       __fseeki64_nolock          10006ecf f   LIBCMT:fseeki64.obj
 0001:00005f80       __fwrite_nolock            10006f80 f   LIBCMT:fwrite.obj
 0001:000060d9       _fwrite                    100070d9 f   LIBCMT:fwrite.obj
 0001:0000615b       _setvbuf                   1000715b f   LIBCMT:setvbuf.obj
 0001:00006261       __ungetc_nolock            10007261 f   LIBCMT:ungetc.obj
 0001:00006341       _ungetc                    10007341 f   LIBCMT:ungetc.obj
 0001:000063b1       _memcpy_s                  100073b1 f   LIBCMT:memcpy_s.obj
 0001:00006430       _memset                    10007430 f   LIBCMT:memset.obj
 0001:000064c0       __lock                     100074c0 f   LIBCMT:mlock.obj
 0001:000064f4       __mtdeletelocks            100074f4 f   LIBCMT:mlock.obj
 0001:00006548       __mtinitlocknum            10007548 f   LIBCMT:mlock.obj
 0001:000065f1       __mtinitlocks              100075f1 f   LIBCMT:mlock.obj
 0001:0000662a       __unlock                   1000762a f   LIBCMT:mlock.obj
 0001:0000663f       ___pctype_func             1000763f f   LIBCMT:ctype.obj
 0001:00006668       __isdigit_l                10007668 f i LIBCMT:_ctype.obj
 0001:000066ba       __islower_l                100076ba f i LIBCMT:_ctype.obj
 0001:0000670c       __isupper_l                1000770c f i LIBCMT:_ctype.obj
 0001:0000675e       _isdigit                   1000775e f i LIBCMT:_ctype.obj
 0001:00006789       _islower                   10007789 f i LIBCMT:_ctype.obj
 0001:000067b4       _isupper                   100077b4 f i LIBCMT:_ctype.obj
 0001:000067df       __wcsdup                   100077df f   LIBCMT:wcsdup.obj
 0001:00006832       ____lc_codepage_func       10007832 f   LIBCMT:initctyp.obj
 0001:00006858       ____lc_locale_name_func    10007858 f   LIBCMT:initctyp.obj
 0001:00006880       ___init_ctype              10007880 f   LIBCMT:initctyp.obj
 0001:00006e1c       ___crtLCMapStringA         10007e1c f   LIBCMT:a_map.obj
 0001:00006e62       __freea                    10007e62 f i LIBCMT:a_map.obj
 0001:00006e80       __calloc_crt               10007e80 f   LIBCMT:crtheap.obj
 0001:00006ec8       __malloc_crt               10007ec8 f   LIBCMT:crtheap.obj
 0001:00006f0f       __realloc_crt              10007f0f f   LIBCMT:crtheap.obj
 0001:00006f60       _strcmp                    10007f60 f   LIBCMT:strcmp.obj
 0001:00006ff0       _strcspn                   10007ff0 f   LIBCMT:strcspn.obj
 0001:00007036       ___crtFlsAlloc             10008036 f   LIBCMT:winapisupp.obj
 0001:00007054       ___crtFlsFree              10008054 f   LIBCMT:winapisupp.obj
 0001:00007073       ___crtFlsGetValue          10008073 f   LIBCMT:winapisupp.obj
 0001:00007092       ___crtFlsSetValue          10008092 f   LIBCMT:winapisupp.obj
 0001:000070b4       ___crtInitializeCriticalSectionEx 100080b4 f   LIBCMT:winapisupp.obj
 0001:000070e2       ___crtIsPackagedApp        100080e2 f   LIBCMT:winapisupp.obj
 0001:00007122       ___crtLoadWinApiPointers   10008122 f   LIBCMT:winapisupp.obj
 0001:000073ad       ___crtSleep                100083ad f   LIBCMT:winapisupp.obj
 0001:000073bb       ___crtTerminateProcess     100083bb f   LIBCMT:winapisupp.obj
 0001:000073d0       ___crtUnhandledException   100083d0 f   LIBCMT:winapisupp.obj
 0001:000073e6       ___doserrno                100083e6 f   LIBCMT:dosmap.obj
 0001:000073f9       __dosmaperr                100083f9 f   LIBCMT:dosmap.obj
 0001:0000741a       __errno                    1000841a f   LIBCMT:dosmap.obj
 0001:0000742d       __get_errno_from_oserr     1000842d f   LIBCMT:dosmap.obj
 0001:000074c8       __ismbblead                100084c8 f   LIBCMT:ismbbyte.obj
 0001:000074de       _wcslen                    100084de f   LIBCMT:wcslen.obj
 0001:000074f7       __tolower_l                100084f7 f   LIBCMT:tolower.obj
 0001:0000763a       _tolower                   1000863a f   LIBCMT:tolower.obj
 0001:00007670       _memchr                    10008670 f   LIBCMT:memchr.obj
 0001:00007720       __allmul                   10008720 f   LIBCMT:llmul.obj
 0001:00007760       __aulldiv                  10008760 f   LIBCMT:ulldiv.obj
 0001:000077c8       _memcmp                    100087c8 f   LIBCMT:memcmp.obj
 0001:00008f40       _GetTableIndexFromLcid     10009f40 f   LIBCMT:winapinls.obj
 0001:00008f75       _GetTableIndexFromLocaleName 10009f75 f   LIBCMT:winapinls.obj
 0001:00008fc6       ___crtDownlevelLCIDToLocaleName 10009fc6 f   LIBCMT:winapinls.obj
 0001:00009042       ___crtDownlevelLocaleNameToLCID 1000a042 f   LIBCMT:winapinls.obj
 0001:00009080       ___crtEnumSystemLocalesEx  1000a080 f   LIBCMT:winapinls.obj
 0001:000090bd       ___crtGetLocaleInfoEx      1000a0bd f   LIBCMT:winapinls.obj
 0001:000090ec       ___crtGetUserDefaultLocaleName 1000a0ec f   LIBCMT:winapinls.obj
 0001:00009117       ___crtIsValidLocaleName    1000a117 f   LIBCMT:winapinls.obj
 0001:00009142       ___crtLCMapStringEx        1000a142 f   LIBCMT:winapinls.obj
 0001:0000918e       ___wcsnicmp_ascii          1000a18e f   LIBCMT:winapinls.obj
 0001:000091fc       ___crtLCMapStringW         1000a1fc f   LIBCMT:w_map.obj
 0001:00009230       __CIsqrt                   1000a230 f   LIBCMT:sqrt.obj
 0001:00009244       _sqrt                      1000a244     LIBCMT:sqrt.obj
 0001:000092ea       ___raise_securityfailure   1000a2ea f   LIBCMT:gs_report.obj
 0001:00009327       ___report_gsfailure        1000a327 f   LIBCMT:gs_report.obj
 0001:00009422       ___report_rangecheckfailure 1000a422 f   LIBCMT:gs_report.obj
 0001:0000942e       ___report_securityfailure  1000a42e f   LIBCMT:gs_report.obj
 0001:000094fe       ___isa_available_init      1000a4fe f   LIBCMT:cpu_disp.obj
 0001:00009677       ___crtCorExitProcess       1000a677 f   LIBCMT:crt0dat.obj
 0001:000096ab       ___crtExitProcess          1000a6ab f   LIBCMT:crt0dat.obj
 0001:000096c1       ___freeCrtMemory           1000a6c1 f   LIBCMT:crt0dat.obj
 0001:000097ce       __amsg_exit                1000a7ce f   LIBCMT:crt0dat.obj
 0001:000097ea       __cexit                    1000a7ea f   LIBCMT:crt0dat.obj
 0001:000097f9       __cinit                    1000a7f9 f   LIBCMT:crt0dat.obj
 0001:0000987d       __exit                     1000a87d f   LIBCMT:crt0dat.obj
 0001:00009891       __init_pointers            1000a891 f   LIBCMT:crt0dat.obj
 0001:000098ff       __initterm_e               1000a8ff f   LIBCMT:crt0dat.obj
 0001:00009921       __lockexit                 1000a921 f   LIBCMT:crt0dat.obj
 0001:0000992a       __unlockexit               1000a92a f   LIBCMT:crt0dat.obj
 0001:00009a62       __msize                    1000aa62 f   LIBCMT:msize.obj
 0001:00009aa0       __SEH_prolog4              1000aaa0 f   LIBCMT:sehprolg4.obj
 0001:00009ae5       __SEH_epilog4              1000aae5 f   LIBCMT:sehprolg4.obj
 0001:00009b00       __except_handler4          1000ab00 f   LIBCMT:chandler4.obj
 0001:00009c94       ___getlocaleinfo           1000ac94 f   LIBCMT:inithelp.obj
 0001:00009e6d       __initp_misc_purevirt      1000ae6d f   LIBCMT:inithelp.obj
 0001:00009e7a       __decomp                   1000ae7a f   LIBCMT:util.obj
 0001:00009f4c       __set_exp                  1000af4c f   LIBCMT:util.obj
 0001:00009f7b       __handle_exc               1000af7b f   LIBCMT:fpexcept.obj
 0001:0000a159       __raise_exc                1000b159 f   LIBCMT:fpexcept.obj
 0001:0000a17a       __raise_exc_ex             1000b17a f   LIBCMT:fpexcept.obj
 0001:0000a45f       __set_errno_from_matherr   1000b45f f   LIBCMT:fpexcept.obj
 0001:0000a48c       ___set_fpsr_sse2           1000b48c f   LIBCMT:fpctrl.obj
 0001:0000a502       __clrfp                    1000b502 f   LIBCMT:fpctrl.obj
 0001:0000a513       __ctrlfp                   1000b513 f   LIBCMT:fpctrl.obj
 0001:0000a53e       __set_statfp               1000b53e f   LIBCMT:fpctrl.obj
 0001:0000a596       __statfp                   1000b596 f   LIBCMT:fpctrl.obj
 0001:0000a5a6       __callnewh                 1000b5a6 f   LIBCMT:handler.obj
 0001:0000a5cc       __initp_heap_handler       1000b5cc f   LIBCMT:handler.obj
 0001:0000a5d9       ___get_sigabrt             1000b5d9 f   LIBCMT:winsig.obj
 0001:0000a5e6       __initp_misc_winsig        1000b5e6 f   LIBCMT:winsig.obj
 0001:0000a602       _raise                     1000b602 f   LIBCMT:winsig.obj
 0001:0000a7f7       __crt_debugger_hook        1000b7f7 f   LIBCMT:dbghook.obj
 0001:0000a7ff       __heap_init                1000b7ff f   LIBCMT:heapinit.obj
 0001:0000a814       __heap_term                1000b814 f   LIBCMT:heapinit.obj
 0001:0000a81c       ___addlocaleref            1000b81c f   LIBCMT:localref.obj
 0001:0000a8b1       ___freetlocinfo            1000b8b1 f   LIBCMT:localref.obj
 0001:0000aa0b       ___removelocaleref         1000ba0b f   LIBCMT:localref.obj
 0001:0000aaab       ___updatetlocinfo          1000baab f   LIBCMT:localref.obj
 0001:0000ab2b       __updatetlocinfoEx_nolock  1000bb2b f   LIBCMT:localref.obj
 0001:0000ab76       ___initmbctable            1000bb76 f   LIBCMT:mbctype.obj
 0001:0000ae2d       ___updatetmbcinfo          1000be2d f   LIBCMT:mbctype.obj
 0001:0000aed4       __setmbcp                  1000bed4 f   LIBCMT:mbctype.obj
 0001:0000b07c       __setmbcp_nolock           1000c07c f   LIBCMT:mbctype.obj
 0001:0000b267       __freefls@4                1000c267 f   LIBCMT:tidtable.obj
 0001:0000b39c       __freeptd                  1000c39c f   LIBCMT:tidtable.obj
 0001:0000b3d2       __getptd                   1000c3d2 f   LIBCMT:tidtable.obj
 0001:0000b3ea       __getptd_noexit            1000c3ea f   LIBCMT:tidtable.obj
 0001:0000b459       __initptd                  1000c459 f   LIBCMT:tidtable.obj
 0001:0000b50c       __mtinit                   1000c50c f   LIBCMT:tidtable.obj
 0001:0000b582       __mtterm                   1000c582 f   LIBCMT:tidtable.obj
 0001:0000b59f       __locterm                  1000c59f f   LIBCMT:wsetloca.obj
 0001:0000b5f1       ___copy_locale_name        1000c5f1 f   LIBCMT:wsetloca.obj
 0001:0000b655       ___lc_lctowcs              1000c655 f   LIBCMT:wsetloca.obj
 0001:0000b6c3       ___lc_wcstolc              1000c6c3 f   LIBCMT:wsetloca.obj
 0001:0000b81b       __expandlocale             1000c81b f   LIBCMT:wsetloca.obj
 0001:0000bb12       __wcscats                  1000cb12 f   LIBCMT:wsetloca.obj
 0001:0000bb51       __wsetlocale               1000cb51 f   LIBCMT:wsetloca.obj
 0001:0000c46e       __XcptFilter               1000d46e f   LIBCMT:winxfltr.obj
 0001:0000c5c9       ___CppXcptFilter           1000d5c9 f   LIBCMT:winxfltr.obj
 0001:0000c5e7       __ioinit                   1000d5e7 f   LIBCMT:ioinit.obj
 0001:0000c89b       __ioterm                   1000d89b f   LIBCMT:ioinit.obj
 0001:0000c8ed       __setargv                  1000d8ed f   LIBCMT:stdargv.obj
 0001:0000cb1c       __setenvp                  1000db1c f   LIBCMT:stdenvp.obj
 0001:0000cbfd       ___security_init_cookie    1000dbfd f   LIBCMT:gs_support.obj
 0001:0000cc99       _DllMain@12                1000dc99 f   LIBCMT:dllmain.obj
 0001:0000cc9f       ___crtGetEnvironmentStringsA 1000dc9f f   LIBCMT:a_env.obj
 0001:0000cd2c       __RTC_Initialize           1000dd2c f   LIBCMT:initsect.obj
 0001:0000cd4c       __RTC_Terminate            1000dd4c f   LIBCMT:initsect.obj
 0001:0000cd70       __CallSettingFrame@12      1000dd70 f   LIBCMT:lowhelpr.obj
 0001:0000cd97       __NLG_Return               1000dd97     LIBCMT:lowhelpr.obj
 0001:0000cdbc       ?_inconsistency@@YAXXZ     1000ddbc f   LIBCMT:hooks.obj
 0001:0000cdf4       ?terminate@@YAXXZ          1000ddf4 f   LIBCMT:hooks.obj
 0001:0000ce28       ?unexpected@@YAXXZ         1000de28 f   LIBCMT:hooks.obj
 0001:0000ce3b       __initp_eh_hooks           1000de3b f   LIBCMT:hooks.obj
 0001:0000ce4c       ___DestructExceptionObject 1000de4c f   LIBCMT:frame.obj
 0001:0000ced7       ??0bad_exception@std@@QAE@ABV01@@Z 1000ded7 f i LIBCMT:frame.obj
 0001:0000cef2       ??1bad_exception@std@@UAE@XZ 1000def2 f i LIBCMT:frame.obj
 0001:0000cefd       ??_Ebad_exception@std@@UAEPAXI@Z 1000defd f i LIBCMT:frame.obj
 0001:0000cefd       ??_Gbad_exception@std@@UAEPAXI@Z 1000defd f i LIBCMT:frame.obj
 0001:0000d731       ___AdjustPointer           1000e731 f   LIBCMT:frame.obj
 0001:0000d756       ___BuildCatchObject        1000e756 f   LIBCMT:frame.obj
 0001:0000d7e4       ___BuildCatchObjectHelper  1000e7e4 f   LIBCMT:frame.obj
 0001:0000d9a6       ___FrameUnwindFilter       1000e9a6 f   LIBCMT:frame.obj
 0001:0000d9f4       ___FrameUnwindToState      1000e9f4 f   LIBCMT:frame.obj
 0001:0000dacd       ___InternalCxxFrameHandler 1000eacd f   LIBCMT:frame.obj
 0001:0000dbae       ___TypeMatch               1000ebae f   LIBCMT:frame.obj
 0001:0000dc15       ?_Type_info_dtor@type_info@@CAXPAV1@@Z 1000ec15 f   LIBCMT:typname.obj
 0001:0000dc86       __cfltcvt                  1000ec86 f   LIBCMT:cvt.obj
 0001:0000dca7       __cfltcvt_l                1000eca7 f   LIBCMT:cvt.obj
 0001:0000dd2d       __cftoa_l                  1000ed2d f   LIBCMT:cvt.obj
 0001:0000e089       __cftoe                    1000f089 f   LIBCMT:cvt.obj
 0001:0000e1f8       __cftoe_l                  1000f1f8 f   LIBCMT:cvt.obj
 0001:0000e3b2       __cftof_l                  1000f3b2 f   LIBCMT:cvt.obj
 0001:0000e473       __cftog_l                  1000f473 f   LIBCMT:cvt.obj
 0001:0000e572       __cropzeros                1000f572 f   LIBCMT:cvt.obj
 0001:0000e583       __cropzeros_l              1000f583 f   LIBCMT:cvt.obj
 0001:0000e603       __fassign                  1000f603 f   LIBCMT:cvt.obj
 0001:0000e61b       __fassign_l                1000f61b f   LIBCMT:cvt.obj
 0001:0000e65d       __forcdecpt                1000f65d f   LIBCMT:cvt.obj
 0001:0000e66e       __forcdecpt_l              1000f66e f   LIBCMT:cvt.obj
 0001:0000e6e2       __positive                 1000f6e2 f   LIBCMT:cvt.obj
 0001:0000e724       __setdefaultprecision      1000f724 f   LIBCMT:fp8.obj
 0001:0000e74b       __initp_misc_cfltcvt_tab   1000f74b f   LIBCMT:cmiscdat.obj
 0001:0000e76a       _strcpy_s                  1000f76a f   LIBCMT:strcpy_s.obj
 0001:0000e7bf       __FF_MSGBANNER             1000f7bf f   LIBCMT:crt0msg.obj
 0001:0000e7f8       __GET_RTERRMSG             1000f7f8 f   LIBCMT:crt0msg.obj
 0001:0000e81c       __NMSG_WRITE               1000f81c f   LIBCMT:crt0msg.obj
 0001:0000e9d9       __mbstowcs_l_helper        1000f9d9 f   LIBCMT:mbstowcs.obj
 0001:0000eb3a       __mbstowcs_s_l             1000fb3a f   LIBCMT:mbstowcs.obj
 0001:0000ec18       _mbstowcs_s                1000fc18 f   LIBCMT:mbstowcs.obj
 0001:0000ec36       __wcstombs_l_helper        1000fc36 f   LIBCMT:wcstombs.obj
 0001:0000ee9d       __wcstombs_s_l             1000fe9d f   LIBCMT:wcstombs.obj
 0001:0000ef68       __fcloseall                1000ff68 f   LIBCMT:closeall.obj
 0001:0000f005       __fileno                   10010005 f   LIBCMT:fileno.obj
 0001:0000f029       __close                    10010029 f   LIBCMT:close.obj
 0001:0000f104       __close_nolock             10010104 f   LIBCMT:close.obj
 0001:0000f19e       __freebuf                  1001019e f   LIBCMT:_freebuf.obj
 0001:0000f1ce       __commit                   100101ce f   LIBCMT:commit.obj
 0001:0000f2b7       __write                    100102b7 f   LIBCMT:write.obj
 0001:0000f3a6       __write_nolock             100103a6 f   LIBCMT:write.obj
 0001:0000fc0b       __filbuf                   10010c0b f   LIBCMT:_filbuf.obj
 0001:0000fd2c       __ftelli64                 10010d2c f   LIBCMT:ftelli64.obj
 0001:0000fda7       __ftelli64_nolock          10010da7 f   LIBCMT:ftelli64.obj
 0001:0001017c       __flsbuf                   1001117c f   LIBCMT:_flsbuf.obj
 0001:000102cb       __lseeki64                 100112cb f   LIBCMT:lseeki64.obj
 0001:000103c7       __lseeki64_nolock          100113c7 f   LIBCMT:lseeki64.obj
 0001:0001043a       __getbuf                   1001143a f   LIBCMT:_getbuf.obj
 0001:00010480       __VEC_memset               10011480 f   LIBCMT:p4_memset.obj
 0001:00010548       __isctype_l                10011548 f   LIBCMT:isctype.obj
 0001:000105f9       _calloc                    100115f9 f   LIBCMT:calloc.obj
 0001:00010639       _wcscpy_s                  10011639 f   LIBCMT:wcscpy_s.obj
 0001:0001078d       ___crtGetStringTypeA       1001178d f   LIBCMT:a_str.obj
 0001:000107d0       __alloca_probe_16          100117d0 f   LIBCMT:alloca16.obj
 0001:000107e6       __alloca_probe_8           100117e6     LIBCMT:alloca16.obj
 0001:000107fc       _realloc                   100117fc f   LIBCMT:realloc.obj
 0001:000108a7       __calloc_impl              100118a7 f   LIBCMT:calloc_impl.obj
 0001:00010921       __wcsicmp                  10011921 f   LIBCMT:wcsicmp.obj
 0001:000109b4       __wcsicmp_l                100119b4 f   LIBCMT:wcsicmp.obj
 0001:00010a8f       __isleadbyte_l             10011a8f f i LIBCMT:_wctype.obj
 0001:00010ac9       _isleadbyte                10011ac9 f i LIBCMT:_wctype.obj
 0001:00010ada       _wcsnlen                   10011ada f   LIBCMT:wcslen_s.obj
 0001:00010b00       __trandisp1                10011b00 f   LIBCMT:87disp.obj
 0001:00010b67       __trandisp2                10011b67 f   LIBCMT:87disp.obj
 0001:00010bf3       __rttospopde               10011bf3     LIBCMT:87disp.obj
 0001:00010bf8       __rttospop                 10011bf8     LIBCMT:87disp.obj
 0001:00010bfa       __rtnospop                 10011bfa     LIBCMT:87disp.obj
 0001:00010bfc       __rttosnpop                10011bfc     LIBCMT:87disp.obj
 0001:00010bfd       __rtnospopde               10011bfd     LIBCMT:87disp.obj
 0001:00010c04       __rtzeropop                10011c04     LIBCMT:87disp.obj
 0001:00010c06       __rtzeronpop               10011c06     LIBCMT:87disp.obj
 0001:00010c0b       __rtonepop                 10011c0b     LIBCMT:87disp.obj
 0001:00010c0d       __rtonenpop                10011c0d     LIBCMT:87disp.obj
 0001:00010c12       __tosnan1                  10011c12     LIBCMT:87disp.obj
 0001:00010c3d       __nosnan2                  10011c3d     LIBCMT:87disp.obj
 0001:00010c3f       __tosnan2                  10011c3f     LIBCMT:87disp.obj
 0001:00010c67       __nan2                     10011c67     LIBCMT:87disp.obj
 0001:00010ca6       __rtindfpop                10011ca6     LIBCMT:87disp.obj
 0001:00010ca8       __rtindfnpop               10011ca8     LIBCMT:87disp.obj
 0001:00010cb9       __rttosnpopde              10011cb9     LIBCMT:87disp.obj
 0001:00010cc3       __rtchsifneg               10011cc3     LIBCMT:87disp.obj
 0001:00010cd0       __startTwoArgErrorHandling 10011cd0 f   LIBCMT:genexcep.obj
 0001:00010ce7       __startOneArgErrorHandling 10011ce7 f   LIBCMT:genexcep.obj
 0001:00010d30       __twoToTOS                 10011d30 f   LIBCMT:common.obj
 0001:00010d45       __load_CW                  10011d45 f   LIBCMT:common.obj
 0001:00010d5c       __convertTOStoQNaN         10011d5c f   LIBCMT:common.obj
 0001:00010d75       __fload_withFB             10011d75 f   LIBCMT:common.obj
 0001:00010db8       __checkTOS_withFB          10011db8 f   LIBCMT:common.obj
 0001:00010dce       __fast_exit                10011dce f   LIBCMT:common.obj
 0001:00010ddb       __math_exit                10011ddb f   LIBCMT:common.obj
 0001:00010e05       __check_overflow_exit      10011e05 f   LIBCMT:common.obj
 0001:00010e19       __check_range_exit         10011e19 f   LIBCMT:common.obj
 0001:00010ec0       __FindPESection            10011ec0 f   LIBCMT:pesect.obj
 0001:00010f10       __IsNonwritableInCurrentImage 10011f10 f   LIBCMT:pesect.obj
 0001:00010fd0       __ValidateImageBase        10011fd0 f   LIBCMT:pesect.obj
 0001:00011001       __initp_misc_rand_s        10012001 f   LIBCMT:rand_s.obj
 0001:00011010       __local_unwind4            10012010 f   LIBCMT:exsup4.obj
 0001:000110e6       __seh_longjmp_unwind4@4    100120e6 f   LIBCMT:exsup4.obj
 0001:00011102       @_EH4_CallFilterFunc@8     10012102 f   LIBCMT:exsup4.obj
 0001:00011119       @_EH4_TransferToHandler@8  10012119 f   LIBCMT:exsup4.obj
 0001:00011132       @_EH4_GlobalUnwind2@8      10012132 f   LIBCMT:exsup4.obj
 0001:0001114b       @_EH4_LocalUnwind@16       1001214b f   LIBCMT:exsup4.obj
 0001:00011162       _strncpy_s                 10012162 f   LIBCMT:strncpy_s.obj
 0001:000112ea       ___crtGetLocaleInfoA       100122ea f   LIBCMT:a_loc.obj
 0001:00011324       __matherr                  10012324 f   LIBCMT:matherr.obj
 0001:00011324       ___init_collate            10012324 f   LIBCMT:initcoll.obj
 0001:00011324       ?sync@?$basic_streambuf@DU?$char_traits@D@std@@@std@@MAEHXZ 10012324 f   libcpmt:cout.obj
 0001:00011324       ___init_dummy              10012324 f   LIBCMT:wsetloca.obj
 0001:00011327       __isatty                   10012327 f   LIBCMT:isatty.obj
 0001:00011380       __aulldvrm                 10012380 f   LIBCMT:ulldvrm.obj
 0001:00011415       ___free_lconv_mon          10012415 f   LIBCMT:initmon.obj
 0001:00011511       ___init_monetary           10012511 f   LIBCMT:initmon.obj
 0001:000118b2       ___free_lconv_num          100128b2 f   LIBCMT:initnum.obj
 0001:00011919       ___init_numeric            10012919 f   LIBCMT:initnum.obj
 0001:00011b1f       ___free_lc_time            10012b1f f   LIBCMT:inittime.obj
 0001:00011e9f       ___init_time               10012e9f f   LIBCMT:inittime.obj
 0001:0001270e       _wcscat_s                  1001370e f   LIBCMT:wcscat_s.obj
 0001:0001277a       _wcscmp                    1001377a f   LIBCMT:wcscmp.obj
 0001:000127b8       _wcscspn                   100137b8 f   LIBCMT:wcscspn.obj
 0001:00012803       _wcsncmp                   10013803 f   LIBCMT:wcsncmp.obj
 0001:00012839       _wcsncpy_s                 10013839 f   LIBCMT:wcsncpy_s.obj
 0001:000128f7       _wcspbrk                   100138f7 f   LIBCMT:wcspbrk.obj
 0001:00012ec0       ___get_qualified_locale    10013ec0 f   LIBCMT:getqloc.obj
 0001:000136aa       ___get_qualified_locale_downlevel 100146aa f   LIBCMT:getqloc_downlevel.obj
 0001:000138d0       __global_unwind2           100148d0 f   LIBCMT:exsup.obj
 0001:00013935       __local_unwind2            10014935 f   LIBCMT:exsup.obj
 0001:000139b9       __abnormal_termination     100149b9 f   LIBCMT:exsup.obj
 0001:000139dc       __NLG_Notify1              100149dc f   LIBCMT:exsup.obj
 0001:000139e5       __NLG_Notify               100149e5 f   LIBCMT:exsup.obj
 0001:000139fc       __NLG_Dispatch2            100149fc     LIBCMT:exsup.obj
 0001:000139fc       __NLG_Dispatch             100149fc     LIBCMT:exsup.obj
 0001:00013a04       __NLG_Call                 10014a04 f   LIBCMT:exsup.obj
 0001:00013a06       __NLG_Return2              10014a06     LIBCMT:exsup.obj
 0001:00013a07       ?_ValidateWrite@@YAHPAXI@Z 10014a07 f   LIBCMT:validate.obj
 0001:00013a07       ?_ValidateExecute@@YAHP6GHXZ@Z 10014a07 f   LIBCMT:validate.obj
 0001:00013a07       ?_ValidateRead@@YAHPBXI@Z  10014a07 f   LIBCMT:validate.obj
 0001:00013a20       _strrchr                   10014a20 f   LIBCMT:strrchr.obj
 0001:00013b57       __fptostr                  10014b57 f   LIBCMT:_fptostr.obj
 0001:00013c07       ___crt_atoflt_l            10014c07 f   LIBCMT:atodbl.obj
 0001:00013cab       __atodbl_l                 10014cab f   LIBCMT:atodbl.obj
 0001:00013d39       __atoflt_l                 10014d39 f   LIBCMT:atodbl.obj
 0001:00013d51       ___dtold                   10014d51 f   LIBCMT:cfout.obj
 0001:00013e19       __fltout2                  10014e19 f   LIBCMT:cfout.obj
 0001:00013eb0       __alldvrm                  10014eb0 f   LIBCMT:lldvrm.obj
 0001:00013f90       __aullshr                  10014f90 f   LIBCMT:ullshr.obj
 0001:00013faf       __controlfp_s              10014faf f   LIBCMT:contrlfp.obj
 0001:0001400c       __fptrap                   1001500c f   LIBCMT:crt0fp.obj
 0001:00014015       __set_error_mode           10015015 f   LIBCMT:errmode.obj
 0001:00014055       ___crtMessageBoxW          10015055 f   LIBCMT:crtmboxw.obj
 0001:0001423b       ___lock_fhandle            1001523b f   LIBCMT:osfinfo.obj
 0001:000142c9       __free_osfhnd              100152c9 f   LIBCMT:osfinfo.obj
 0001:0001434f       __get_osfhandle            1001534f f   LIBCMT:osfinfo.obj
 0001:000143b6       __unlock_fhandle           100153b6 f   LIBCMT:osfinfo.obj
 0001:000143dc       __mbtowc_l                 100153dc f   LIBCMT:mbtowc.obj
 0001:000144d1       _mbtowc                    100154d1 f   LIBCMT:mbtowc.obj
 0001:000144e9       __putwch_nolock            100154e9 f   LIBCMT:putwch.obj
 0001:00014530       __alloca_probe             10015530 f   LIBCMT:chkstk.obj
 0001:00014530       __chkstk                   10015530 f   LIBCMT:chkstk.obj
 0001:0001455b       __read                     1001555b f   LIBCMT:read.obj
 0001:0001466f       __read_nolock              1001566f f   LIBCMT:read.obj
 0001:00014e00       __towlower_l               10015e00 f   LIBCMT:towlower.obj
 0001:00014eb1       _iswctype                  10015eb1 f   LIBCMT:iswctype.obj
 0001:00014f07       __87except                 10015f07 f   LIBCMT:87except.obj
 0001:00015010       __itow_s                   10016010 f   LIBCMT:xtows.obj
 0001:0001512c       __wtol                     1001612c f   LIBCMT:wtox.obj
 0001:00015140       _wcschr                    10016140 f   LIBCMT:wcschr.obj
 0001:000151ee       __wcsnicmp                 100161ee f   LIBCMT:wcsnicmp.obj
 0001:000152a4       __wcsnicmp_l               100162a4 f   LIBCMT:wcsnicmp.obj
 0001:0001539d       __ld12tod                  1001639d f   LIBCMT:intrncvt.obj
 0001:0001590f       __ld12tof                  1001690f f   LIBCMT:intrncvt.obj
 0001:00015e81       ___strgtold12_l            10016e81 f   LIBCMT:strgtold.obj
 0001:00016629       _$I10_OUTPUT               10017629 f   LIBCMT:x10fout.obj
 0001:000170a6       __control87                100180a6 f i LIBCMT:ieee87.obj
 0001:0001743f       ___termconout              1001843f f   LIBCMT:initcon.obj
 0001:00017456       ___initconout              10018456 f   LIBCMT:initcon.obj
 0001:00017656       _wcstol                    10018656 f   LIBCMT:wcstol.obj
 0001:0001766e       ___mtold12                 1001866e f   LIBCMT:mantold.obj
 0001:0001784e       __wchartodigit             1001884e f   LIBCMT:wchtodig.obj
 0001:000179f0       _strchr                    100189f0 f   LIBCMT:strchr.obj
 0001:00017a5e       ___from_strstr_to_strchr   10018a5e     LIBCMT:strchr.obj
 0001:00017b20       ___ascii_strnicmp          10018b20 f   LIBCMT:_strnicm.obj
 0001:00017b82       _IsProcessorFeaturePresent@4 10018b82 f   kernel32:KERNEL32.dll
 0001:00017b88       _RtlUnwind@16              10018b88 f   kernel32:KERNEL32.dll
 0001:00017b8e       ___delayLoadHelper2@8      10018b8e f   DelayImp:delayhlp.obj
 0002:00000000       __imp__GetProcAddress@8    10019000     kernel32:KERNEL32.dll
 0002:00000004       __imp__LoadLibraryA@4      10019004     kernel32:KERNEL32.dll
 0002:00000008       __imp__GetModuleHandleA@4  10019008     kernel32:KERNEL32.dll
 0002:0000000c       __imp__CreateFileW@28      1001900c     kernel32:KERNEL32.dll
 0002:00000010       __imp__EncodePointer@4     10019010     kernel32:KERNEL32.dll
 0002:00000014       __imp__DecodePointer@4     10019014     kernel32:KERNEL32.dll
 0002:00000018       __imp__EnterCriticalSection@4 10019018     kernel32:KERNEL32.dll
 0002:0000001c       __imp__LeaveCriticalSection@4 1001901c     kernel32:KERNEL32.dll
 0002:00000020       __imp__DeleteCriticalSection@4 10019020     kernel32:KERNEL32.dll
 0002:00000024       __imp__WideCharToMultiByte@32 10019024     kernel32:KERNEL32.dll
 0002:00000028       __imp__MultiByteToWideChar@24 10019028     kernel32:KERNEL32.dll
 0002:0000002c       __imp__GetStringTypeW@16   1001902c     kernel32:KERNEL32.dll
 0002:00000030       __imp__IsProcessorFeaturePresent@4 10019030     kernel32:KERNEL32.dll
 0002:00000034       __imp__IsDebuggerPresent@0 10019034     kernel32:KERNEL32.dll
 0002:00000038       __imp__GetLastError@0      10019038     kernel32:KERNEL32.dll
 0002:0000003c       __imp__HeapFree@12         1001903c     kernel32:KERNEL32.dll
 0002:00000040       __imp__GetCommandLineA@0   10019040     kernel32:KERNEL32.dll
 0002:00000044       __imp__GetCurrentThreadId@0 10019044     kernel32:KERNEL32.dll
 0002:00000048       __imp__RaiseException@16   10019048     kernel32:KERNEL32.dll
 0002:0000004c       __imp__RtlUnwind@16        1001904c     kernel32:KERNEL32.dll
 0002:00000050       __imp__HeapAlloc@12        10019050     kernel32:KERNEL32.dll
 0002:00000054       __imp__GetCPInfo@8         10019054     kernel32:KERNEL32.dll
 0002:00000058       __imp__UnhandledExceptionFilter@4 10019058     kernel32:KERNEL32.dll
 0002:0000005c       __imp__SetUnhandledExceptionFilter@4 1001905c     kernel32:KERNEL32.dll
 0002:00000060       __imp__SetLastError@4      10019060     kernel32:KERNEL32.dll
 0002:00000064       __imp__InitializeCriticalSectionAndSpinCount@8 10019064     kernel32:KERNEL32.dll
 0002:00000068       __imp__Sleep@4             10019068     kernel32:KERNEL32.dll
 0002:0000006c       __imp__GetCurrentProcess@0 1001906c     kernel32:KERNEL32.dll
 0002:00000070       __imp__TerminateProcess@8  10019070     kernel32:KERNEL32.dll
 0002:00000074       __imp__TlsAlloc@0          10019074     kernel32:KERNEL32.dll
 0002:00000078       __imp__TlsGetValue@4       10019078     kernel32:KERNEL32.dll
 0002:0000007c       __imp__TlsSetValue@8       1001907c     kernel32:KERNEL32.dll
 0002:00000080       __imp__TlsFree@4           10019080     kernel32:KERNEL32.dll
 0002:00000084       __imp__GetStartupInfoW@4   10019084     kernel32:KERNEL32.dll
 0002:00000088       __imp__GetModuleHandleW@4  10019088     kernel32:KERNEL32.dll
 0002:0000008c       __imp__LCMapStringW@24     1001908c     kernel32:KERNEL32.dll
 0002:00000090       __imp__GetLocaleInfoW@16   10019090     kernel32:KERNEL32.dll
 0002:00000094       __imp__IsValidLocale@8     10019094     kernel32:KERNEL32.dll
 0002:00000098       __imp__GetUserDefaultLCID@0 10019098     kernel32:KERNEL32.dll
 0002:0000009c       __imp__EnumSystemLocalesW@8 1001909c     kernel32:KERNEL32.dll
 0002:000000a0       __imp__ExitProcess@4       100190a0     kernel32:KERNEL32.dll
 0002:000000a4       __imp__GetModuleHandleExW@12 100190a4     kernel32:KERNEL32.dll
 0002:000000a8       __imp__HeapSize@12         100190a8     kernel32:KERNEL32.dll
 0002:000000ac       __imp__GetProcessHeap@0    100190ac     kernel32:KERNEL32.dll
 0002:000000b0       __imp__IsValidCodePage@4   100190b0     kernel32:KERNEL32.dll
 0002:000000b4       __imp__GetACP@0            100190b4     kernel32:KERNEL32.dll
 0002:000000b8       __imp__GetOEMCP@0          100190b8     kernel32:KERNEL32.dll
 0002:000000bc       __imp__GetStdHandle@4      100190bc     kernel32:KERNEL32.dll
 0002:000000c0       __imp__GetFileType@4       100190c0     kernel32:KERNEL32.dll
 0002:000000c4       __imp__GetModuleFileNameA@12 100190c4     kernel32:KERNEL32.dll
 0002:000000c8       __imp__QueryPerformanceCounter@4 100190c8     kernel32:KERNEL32.dll
 0002:000000cc       __imp__GetCurrentProcessId@0 100190cc     kernel32:KERNEL32.dll
 0002:000000d0       __imp__GetSystemTimeAsFileTime@4 100190d0     kernel32:KERNEL32.dll
 0002:000000d4       __imp__GetEnvironmentStringsW@0 100190d4     kernel32:KERNEL32.dll
 0002:000000d8       __imp__FreeEnvironmentStringsW@4 100190d8     kernel32:KERNEL32.dll
 0002:000000dc       __imp__WriteFile@20        100190dc     kernel32:KERNEL32.dll
 0002:000000e0       __imp__GetModuleFileNameW@12 100190e0     kernel32:KERNEL32.dll
 0002:000000e4       __imp__CloseHandle@4       100190e4     kernel32:KERNEL32.dll
 0002:000000e8       __imp__FlushFileBuffers@4  100190e8     kernel32:KERNEL32.dll
 0002:000000ec       __imp__GetConsoleCP@0      100190ec     kernel32:KERNEL32.dll
 0002:000000f0       __imp__GetConsoleMode@8    100190f0     kernel32:KERNEL32.dll
 0002:000000f4       __imp__ReadFile@20         100190f4     kernel32:KERNEL32.dll
 0002:000000f8       __imp__SetFilePointerEx@20 100190f8     kernel32:KERNEL32.dll
 0002:000000fc       __imp__HeapReAlloc@16      100190fc     kernel32:KERNEL32.dll
 0002:00000100       __imp__FreeLibrary@4       10019100     kernel32:KERNEL32.dll
 0002:00000104       __imp__LoadLibraryExW@12   10019104     kernel32:KERNEL32.dll
 0002:00000108       __imp__OutputDebugStringW@4 10019108     kernel32:KERNEL32.dll
 0002:0000010c       __imp__SetStdHandle@8      1001910c     kernel32:KERNEL32.dll
 0002:00000110       __imp__WriteConsoleW@20    10019110     kernel32:KERNEL32.dll
 0002:00000114       __imp__ReadConsoleW@20     10019114     kernel32:KERNEL32.dll
 0002:00000118       __imp__LoadLibraryExA@12   10019118     kernel32:KERNEL32.dll
 0002:0000011c       \177KERNEL32_NULL_THUNK_DATA 1001911c     kernel32:KERNEL32.dll
 0002:00000120       __imp__MessageBoxA@16      10019120     user32:USER32.dll
 0002:00000124       \177USER32_NULL_THUNK_DATA 10019124     user32:USER32.dll
 0002:00000128       ___xc_a                    10019128     LIBCMT:crt0init.obj
 0002:00000150       __register_turnstile_      10019150     turnstile.obj
 0002:00000158       ___xc_z                    10019158     LIBCMT:crt0init.obj
 0002:0000015c       ___xi_a                    1001915c     LIBCMT:crt0init.obj
 0002:00000170       ___xi_z                    10019170     LIBCMT:crt0init.obj
 0002:00000174       ___xp_a                    10019174     LIBCMT:crt0init.obj
 0002:00000184       ___xp_z                    10019184     LIBCMT:crt0init.obj
 0002:00000188       ___xt_a                    10019188     LIBCMT:crt0init.obj
 0002:0000018c       ___xt_z                    1001918c     LIBCMT:crt0init.obj
 0002:000001d0       __sz_node_exe              100191d0     node:node.exe
 0002:000006b0       ??_C@_0BC@CIJDGCDI@permission?5denied?$AA@ 100196b0     libcpmt:syserror.obj
 0002:000006c4       ??_C@_0M@MIDIAGJP@file?5exists?$AA@ 100196c4     libcpmt:syserror.obj
 0002:000006d0       ??_C@_0P@FDINDDOK@no?5such?5device?$AA@ 100196d0     libcpmt:syserror.obj
 0002:000006e0       ??_C@_0BC@EJHOMAAK@filename?5too?5long?$AA@ 100196e0     libcpmt:syserror.obj
 0002:000006f4       ??_C@_0BI@NGCEHDD@device?5or?5resource?5busy?$AA@ 100196f4     libcpmt:syserror.obj
 0002:0000070c       ??_C@_08GLNPIFBN@io?5error?$AA@ 1001970c     libcpmt:syserror.obj
 0002:00000718       ??_C@_0BE@JIDOCPHM@directory?5not?5empty?$AA@ 10019718     libcpmt:syserror.obj
 0002:0000072c       ??_C@_0BB@FCMFBGOM@invalid?5argument?$AA@ 1001972c     libcpmt:syserror.obj
 0002:00000740       ??_C@_0BD@IJDJKDEA@no?5space?5on?5device?$AA@ 10019740     libcpmt:syserror.obj
 0002:00000754       ??_C@_0BK@NDOCBPGE@no?5such?5file?5or?5directory?$AA@ 10019754     libcpmt:syserror.obj
 0002:00000770       ??_C@_0BH@KEFGLDAF@function?5not?5supported?$AA@ 10019770     libcpmt:syserror.obj
 0002:00000788       ??_C@_0BC@NJECKMKE@no?5lock?5available?$AA@ 10019788     libcpmt:syserror.obj
 0002:0000079c       ??_C@_0BC@ENOOLCNF@not?5enough?5memory?$AA@ 1001979c     libcpmt:syserror.obj
 0002:000007b0       ??_C@_0BP@LKNGHENJ@resource?5unavailable?5try?5again?$AA@ 100197b0     libcpmt:syserror.obj
 0002:000007d0       ??_C@_0BC@PPHBOELF@cross?5device?5link?$AA@ 100197d0     libcpmt:syserror.obj
 0002:000007e4       ??_C@_0BD@MOLBPMEA@operation?5canceled?$AA@ 100197e4     libcpmt:syserror.obj
 0002:000007f8       ??_C@_0BE@GHAFMPAH@too?5many?5files?5open?$AA@ 100197f8     libcpmt:syserror.obj
 0002:0000080c       ??_C@_0BC@FNODOBAE@permission_denied?$AA@ 1001980c     libcpmt:syserror.obj
 0002:00000820       ??_C@_0P@LNDJPBFK@address_in_use?$AA@ 10019820     libcpmt:syserror.obj
 0002:00000830       ??_C@_0BG@IPMGOJF@address_not_available?$AA@ 10019830     libcpmt:syserror.obj
 0002:00000848       ??_C@_0BN@LCBDHODA@address_family_not_supported?$AA@ 10019848     libcpmt:syserror.obj
 0002:00000868       ??_C@_0BP@FOJJHMCC@connection_already_in_progress?$AA@ 10019868     libcpmt:syserror.obj
 0002:00000888       ??_C@_0BE@DLHHIBGN@bad_file_descriptor?$AA@ 10019888     libcpmt:syserror.obj
 0002:0000089c       ??_C@_0BD@OJMJDIGI@connection_aborted?$AA@ 1001989c     libcpmt:syserror.obj
 0002:000008b0       ??_C@_0BD@NGKCIFEP@connection_refused?$AA@ 100198b0     libcpmt:syserror.obj
 0002:000008c4       ??_C@_0BB@JOANDNCK@connection_reset?$AA@ 100198c4     libcpmt:syserror.obj
 0002:000008d8       ??_C@_0BN@JLJNLKLK@destination_address_required?$AA@ 100198d8     libcpmt:syserror.obj
 0002:000008f8       ??_C@_0M@IJGMGFGP@bad_address?$AA@ 100198f8     libcpmt:syserror.obj
 0002:00000904       ??_C@_0BB@KKNHPPIN@host_unreachable?$AA@ 10019904     libcpmt:syserror.obj
 0002:00000918       ??_C@_0BG@DJGBJIIK@operation_in_progress?$AA@ 10019918     libcpmt:syserror.obj
 0002:00000930       ??_C@_0M@EGEKIIMP@interrupted?$AA@ 10019930     libcpmt:syserror.obj
 0002:0000093c       ??_C@_0BB@FFIHMIPJ@invalid_argument?$AA@ 1001993c     libcpmt:syserror.obj
 0002:00000950       ??_C@_0BC@FIFLCHLO@already_connected?$AA@ 10019950     libcpmt:syserror.obj
 0002:00000964       ??_C@_0BE@GJJJJDDA@too_many_files_open?$AA@ 10019964     libcpmt:syserror.obj
 0002:00000978       ??_C@_0N@HPMLKHPL@message_size?$AA@ 10019978     libcpmt:syserror.obj
 0002:00000988       ??_C@_0BC@LEEIKBAL@filename_too_long?$AA@ 10019988     libcpmt:syserror.obj
 0002:0000099c       ??_C@_0N@FCPALPJK@network_down?$AA@ 1001999c     libcpmt:syserror.obj
 0002:000009ac       ??_C@_0O@EHNDLHIG@network_reset?$AA@ 100199ac     libcpmt:syserror.obj
 0002:000009bc       ??_C@_0BE@JFNJIDNF@network_unreachable?$AA@ 100199bc     libcpmt:syserror.obj
 0002:000009d0       ??_C@_0BA@FDIJKJCL@no_buffer_space?$AA@ 100199d0     libcpmt:syserror.obj
 0002:000009e0       ??_C@_0BD@JHIHCGKP@no_protocol_option?$AA@ 100199e0     libcpmt:syserror.obj
 0002:000009f4       ??_C@_0O@GBCLHHD@not_connected?$AA@ 100199f4     libcpmt:syserror.obj
 0002:00000a04       ??_C@_0N@IMHKKLEM@not_a_socket?$AA@ 10019a04     libcpmt:syserror.obj
 0002:00000a14       ??_C@_0BI@ICEIDKLJ@operation_not_supported?$AA@ 10019a14     libcpmt:syserror.obj
 0002:00000a2c       ??_C@_0BH@KAPBAIJF@protocol_not_supported?$AA@ 10019a2c     libcpmt:syserror.obj
 0002:00000a44       ??_C@_0BE@GAOJJFPC@wrong_protocol_type?$AA@ 10019a44     libcpmt:syserror.obj
 0002:00000a58       ??_C@_09NCHNLHPG@timed_out?$AA@ 10019a58     libcpmt:syserror.obj
 0002:00000a64       ??_C@_0BG@GDGHKFDH@operation_would_block?$AA@ 10019a64     libcpmt:syserror.obj
 0002:00000a7c       ??_C@_0BN@LKKBCCDB@address?5family?5not?5supported?$AA@ 10019a7c     libcpmt:syserror.obj
 0002:00000a9c       ??_C@_0P@LDMLAFHI@address?5in?5use?$AA@ 10019a9c     libcpmt:syserror.obj
 0002:00000aac       ??_C@_0BG@DHPCNBJB@address?5not?5available?$AA@ 10019aac     libcpmt:syserror.obj
 0002:00000ac4       ??_C@_0BC@DFIBIBIL@already?5connected?$AA@ 10019ac4     libcpmt:syserror.obj
 0002:00000ad8       ??_C@_0BH@CAKOHOMI@argument?5list?5too?5long?$AA@ 10019ad8     libcpmt:syserror.obj
 0002:00000af0       ??_C@_0BH@CGIMPKIM@argument?5out?5of?5domain?$AA@ 10019af0     libcpmt:syserror.obj
 0002:00000b08       ??_C@_0M@KGHGGJGL@bad?5address?$AA@ 10019b08     libcpmt:syserror.obj
 0002:00000b14       ??_C@_0BE@MPJPGCEO@bad?5file?5descriptor?$AA@ 10019b14     libcpmt:syserror.obj
 0002:00000b28       ??_C@_0M@PMMIEFCP@bad?5message?$AA@ 10019b28     libcpmt:syserror.obj
 0002:00000b34       ??_C@_0M@KPHOFDBE@broken?5pipe?$AA@ 10019b34     libcpmt:syserror.obj
 0002:00000b40       ??_C@_0BD@MGNDDEGM@connection?5aborted?$AA@ 10019b40     libcpmt:syserror.obj
 0002:00000b54       ??_C@_0BP@KAIHPOGN@connection?5already?5in?5progress?$AA@ 10019b54     libcpmt:syserror.obj
 0002:00000b74       ??_C@_0BD@PJLIIJEL@connection?5refused?$AA@ 10019b74     libcpmt:syserror.obj
 0002:00000b88       ??_C@_0BB@IECNJNOI@connection?5reset?$AA@ 10019b88     libcpmt:syserror.obj
 0002:00000b9c       ??_C@_0BN@KDMIFEIP@destination?5address?5required?$AA@ 10019b9c     libcpmt:syserror.obj
 0002:00000bbc       ??_C@_0BI@BNCLIGPB@executable?5format?5error?$AA@ 10019bbc     libcpmt:syserror.obj
 0002:00000bd4       ??_C@_0P@DNAJLBJK@file?5too?5large?$AA@ 10019bd4     libcpmt:syserror.obj
 0002:00000be4       ??_C@_0BB@DHFDFGDM@host?5unreachable?$AA@ 10019be4     libcpmt:syserror.obj
 0002:00000bf8       ??_C@_0BD@JPHBMONG@identifier?5removed?$AA@ 10019bf8     libcpmt:syserror.obj
 0002:00000c0c       ??_C@_0BG@CDNPAGJK@illegal?5byte?5sequence?$AA@ 10019c0c     libcpmt:syserror.obj
 0002:00000c24       ??_C@_0CD@BNPLBMNA@inappropriate?5io?5control?5operati@ 10019c24     libcpmt:syserror.obj
 0002:00000c48       ??_C@_0N@OHAFKDEK@invalid?5seek?$AA@ 10019c48     libcpmt:syserror.obj
 0002:00000c58       ??_C@_0P@FLLDBIDK@is?5a?5directory?$AA@ 10019c58     libcpmt:syserror.obj
 0002:00000c68       ??_C@_0N@IFLPBIOP@message?5size?$AA@ 10019c68     libcpmt:syserror.obj
 0002:00000c78       ??_C@_0N@KIIEAAIO@network?5down?$AA@ 10019c78     libcpmt:syserror.obj
 0002:00000c88       ??_C@_0O@FNPDBHEE@network?5reset?$AA@ 10019c88     libcpmt:syserror.obj
 0002:00000c98       ??_C@_0BE@IFNCKGE@network?5unreachable?$AA@ 10019c98     libcpmt:syserror.obj
 0002:00000cac       ??_C@_0BA@PFFCAOFK@no?5buffer?5space?$AA@ 10019cac     libcpmt:syserror.obj
 0002:00000cbc       ??_C@_0BB@IEPBLJHK@no?5child?5process?$AA@ 10019cbc     libcpmt:syserror.obj
 0002:00000cd0       ??_C@_07PLECNNKG@no?5link?$AA@ 10019cd0     libcpmt:syserror.obj
 0002:00000cd8       ??_C@_0BF@PBGGPKKE@no?5message?5available?$AA@ 10019cd8     libcpmt:syserror.obj
 0002:00000cf0       ??_C@_0L@EDOLMPAK@no?5message?$AA@ 10019cf0     libcpmt:syserror.obj
 0002:00000cfc       ??_C@_0BD@EAMBFIDF@no?5protocol?5option?$AA@ 10019cfc     libcpmt:syserror.obj
 0002:00000d10       ??_C@_0BE@MKFDAFMP@no?5stream?5resources?$AA@ 10019d10     libcpmt:syserror.obj
 0002:00000d24       ??_C@_0BK@IMCPHCBI@no?5such?5device?5or?5address?$AA@ 10019d24     libcpmt:syserror.obj
 0002:00000d40       ??_C@_0BA@ENLPPKBN@no?5such?5process?$AA@ 10019d40     libcpmt:syserror.obj
 0002:00000d50       ??_C@_0BA@DOCPFFJG@not?5a?5directory?$AA@ 10019d50     libcpmt:syserror.obj
 0002:00000d60       ??_C@_0N@POEIPGGF@not?5a?5socket?$AA@ 10019d60     libcpmt:syserror.obj
 0002:00000d70       ??_C@_0N@LGAPMMPI@not?5a?5stream?$AA@ 10019d70     libcpmt:syserror.obj
 0002:00000d80       ??_C@_0O@GLMIBBEG@not?5connected?$AA@ 10019d80     libcpmt:syserror.obj
 0002:00000d90       ??_C@_0O@NHEDABJP@not?5supported?$AA@ 10019d90     libcpmt:syserror.obj
 0002:00000da0       ??_C@_0BG@KDKHOPCO@operation?5in?5progress?$AA@ 10019da0     libcpmt:syserror.obj
 0002:00000db8       ??_C@_0BI@OHIEJAAB@operation?5not?5permitted?$AA@ 10019db8     libcpmt:syserror.obj
 0002:00000dd0       ??_C@_0BI@LNEGIFLN@operation?5not?5supported?$AA@ 10019dd0     libcpmt:syserror.obj
 0002:00000de8       ??_C@_0BG@OEMDKMEE@operation?5would?5block?$AA@ 10019de8     libcpmt:syserror.obj
 0002:00000e00       ??_C@_0L@BLPOFLNJ@owner?5dead?$AA@ 10019e00     libcpmt:syserror.obj
 0002:00000e0c       ??_C@_0P@FNPOCJBE@protocol?5error?$AA@ 10019e0c     libcpmt:syserror.obj
 0002:00000e1c       ??_C@_0BH@JPPPLHJB@protocol?5not?5supported?$AA@ 10019e1c     libcpmt:syserror.obj
 0002:00000e34       ??_C@_0BG@EICBIHDP@read?5only?5file?5system?$AA@ 10019e34     libcpmt:syserror.obj
 0002:00000e4c       ??_C@_0BO@BJBOMOEJ@resource?5deadlock?5would?5occur?$AA@ 10019e4c     libcpmt:syserror.obj
 0002:00000e6c       ??_C@_0BE@GOIPJJHG@result?5out?5of?5range?$AA@ 10019e6c     libcpmt:syserror.obj
 0002:00000e80       ??_C@_0BG@MPLKFPAE@state?5not?5recoverable?$AA@ 10019e80     libcpmt:syserror.obj
 0002:00000e98       ??_C@_0P@DIIFGFCG@stream?5timeout?$AA@ 10019e98     libcpmt:syserror.obj
 0002:00000ea8       ??_C@_0P@IPFDMIFL@text?5file?5busy?$AA@ 10019ea8     libcpmt:syserror.obj
 0002:00000eb8       ??_C@_09KJPPMAOI@timed?5out?$AA@ 10019eb8     libcpmt:syserror.obj
 0002:00000ec4       ??_C@_0BO@HACHBEKI@too?5many?5files?5open?5in?5system?$AA@ 10019ec4     libcpmt:syserror.obj
 0002:00000ee4       ??_C@_0P@HCOMKFCC@too?5many?5links?$AA@ 10019ee4     libcpmt:syserror.obj
 0002:00000ef4       ??_C@_0BO@EFGOJEF@too?5many?5symbolic?5link?5levels?$AA@ 10019ef4     libcpmt:syserror.obj
 0002:00000f14       ??_C@_0BA@KGKGOOJA@value?5too?5large?$AA@ 10019f14     libcpmt:syserror.obj
 0002:00000f24       ??_C@_0BE@MIEJDDNH@wrong?5protocol?5type?$AA@ 10019f24     libcpmt:syserror.obj
 0002:00000f3c       ??_7bad_alloc@std@@6B@     10019f3c     libcpmt:xthrow.obj
 0002:00000f44       ??_C@_0P@GHFPNOJB@bad?5allocation?$AA@ 10019f44     libcpmt:xthrow.obj
 0002:00000f58       ??_7logic_error@std@@6B@   10019f58     libcpmt:xthrow.obj
 0002:00000f64       ??_7length_error@std@@6B@  10019f64     libcpmt:xthrow.obj
 0002:00000f70       ??_7out_of_range@std@@6B@  10019f70     libcpmt:xthrow.obj
 0002:00000f7c       ??_7runtime_error@std@@6B@ 10019f7c     libcpmt:xthrow.obj
 0002:00000f88       ??_7_Facet_base@std@@6B@   10019f88     libcpmt:locale0.obj
 0002:00000f98       ??_7_Locimp@locale@std@@6B@ 10019f98     libcpmt:locale0.obj
 0002:00000fa4       ??_C@_01NBENCBCI@?$CK?$AA@ 10019fa4     libcpmt:locale0.obj
 0002:00000fa8       ??_C@_01GFHCPBMG@C?$AA@    10019fa8     libcpmt:locale0.obj
 0002:00000fb0       ??_7?$ctype@D@std@@6B@     10019fb0     libcpmt:cout.obj
 0002:00000fe0       ??_7_System_error@std@@6B@ 10019fe0     libcpmt:cout.obj
 0002:00000fec       ??_7failure@ios_base@std@@6B@ 10019fec     libcpmt:cout.obj
 0002:00000ff8       ??_7ios_base@std@@6B@      10019ff8     libcpmt:cout.obj
 0002:00001000       ??_7?$basic_ios@DU?$char_traits@D@std@@@std@@6B@ 1001a000     libcpmt:cout.obj
 0002:00001008       ??_7?$basic_streambuf@DU?$char_traits@D@std@@@std@@6B@ 1001a008     libcpmt:cout.obj
 0002:00001048       ??_7?$basic_ostream@DU?$char_traits@D@std@@@std@@6B@ 1001a048     libcpmt:cout.obj
 0002:0000104c       ??_8?$basic_ostream@DU?$char_traits@D@std@@@std@@7B@ 1001a04c     libcpmt:cout.obj
 0002:00001058       ??_7?$basic_filebuf@DU?$char_traits@D@std@@@std@@6B@ 1001a058     libcpmt:cout.obj
 0002:00001098       ??_7?$codecvt@DDH@std@@6B@ 1001a098     libcpmt:cout.obj
 0002:000010c0       ??_C@_08EPJLHIJG@bad?5cast?$AA@ 1001a0c0     libcpmt:cout.obj
 0002:000010d0       ?_BADOFF@std@@3_JB         1001a0d0     libcpmt:ios.obj
 0002:000010d8       ??_C@_11LOCGONAA@?$AA?$AA@ 1001a0d8     libcpmt:wlocale.obj
 0002:000010dc       ??_C@_01JOAMLHOP@?9?$AA@   1001a0dc     libcpmt:wlocale.obj
 0002:00001248       __pDefaultRawDllMain       1001a248     LIBCMT:dllcrt0.obj
 0002:00001248       __pRawDllMain              1001a248     LIBCMT:dllcrt0.obj
 0002:00001270       ??_7type_info@@6B@         1001a270     LIBCMT:typinfo.obj
 0002:00001274       __FPinit                   1001a274     LIBCMT:fpinit.obj
 0002:0000127c       ??_7exception@std@@6B@     1001a27c     LIBCMT:stdexcpt.obj
 0002:00001284       ??_C@_0BC@EOODALEL@Unknown?5exception?$AA@ 1001a284     LIBCMT:stdexcpt.obj
 0002:0000129c       ??_7bad_cast@std@@6B@      1001a29c     LIBCMT:stdexcpt.obj
 0002:000012a8       ___newctype                1001a2a8     LIBCMT:ctype.obj
 0002:000015a8       __wctype                   1001a5a8     LIBCMT:ctype.obj
 0002:000017b0       ___newclmap                1001a7b0     LIBCMT:ctype.obj
 0002:00001930       ___newcumap                1001a930     LIBCMT:ctype.obj
 0002:00001ab0       ??_C@_1BK@MGMFAEKH@?$AAk?$AAe?$AAr?$AAn?$AAe?$AAl?$AA3?$AA2?$AA?4?$AAd?$AAl?$AAl?$AA?$AA@ 1001aab0     LIBCMT:winapisupp.obj
 0002:00001acc       ??_C@_08KNHFBNJ@FlsAlloc?$AA@ 1001aacc     LIBCMT:winapisupp.obj
 0002:00001ad8       ??_C@_07PEJMOBNF@FlsFree?$AA@ 1001aad8     LIBCMT:winapisupp.obj
 0002:00001ae0       ??_C@_0M@GDNOONDI@FlsGetValue?$AA@ 1001aae0     LIBCMT:winapisupp.obj
 0002:00001aec       ??_C@_0M@JCPCPOEF@FlsSetValue?$AA@ 1001aaec     LIBCMT:winapisupp.obj
 0002:00001af8       ??_C@_0BM@HCFOFFN@InitializeCriticalSectionEx?$AA@ 1001aaf8     LIBCMT:winapisupp.obj
 0002:00001b14       ??_C@_0P@DLHPPCNH@CreateEventExW?$AA@ 1001ab14     LIBCMT:winapisupp.obj
 0002:00001b24       ??_C@_0BD@KIEEOEEH@CreateSemaphoreExW?$AA@ 1001ab24     LIBCMT:winapisupp.obj
 0002:00001b38       ??_C@_0BI@BKLFFAPO@SetThreadStackGuarantee?$AA@ 1001ab38     LIBCMT:winapisupp.obj
 0002:00001b50       ??_C@_0BG@OGFAJCKC@CreateThreadpoolTimer?$AA@ 1001ab50     LIBCMT:winapisupp.obj
 0002:00001b68       ??_C@_0BD@LPLEMMDI@SetThreadpoolTimer?$AA@ 1001ab68     LIBCMT:winapisupp.obj
 0002:00001b7c       ??_C@_0CA@FMNJENH@WaitForThreadpoolTimerCallbacks?$AA@ 1001ab7c     LIBCMT:winapisupp.obj
 0002:00001b9c       ??_C@_0BF@DCFCCNOC@CloseThreadpoolTimer?$AA@ 1001ab9c     LIBCMT:winapisupp.obj
 0002:00001bb4       ??_C@_0BF@FLABGKKM@CreateThreadpoolWait?$AA@ 1001abb4     LIBCMT:winapisupp.obj
 0002:00001bcc       ??_C@_0BC@MGCOHNA@SetThreadpoolWait?$AA@ 1001abcc     LIBCMT:winapisupp.obj
 0002:00001be0       ??_C@_0BE@OCIOMIMP@CloseThreadpoolWait?$AA@ 1001abe0     LIBCMT:winapisupp.obj
 0002:00001bf4       ??_C@_0BJ@LKGHFHBO@FlushProcessWriteBuffers?$AA@ 1001abf4     LIBCMT:winapisupp.obj
[...]
 0001:00017e54       __ehhandler$?_Getcat@?$codecvt@DDH@std@@SAIPAPBVfacet@locale@2@PBV42@@Z 10018e54 f   libcpmt:cout.obj
 0001:00017e6f       __unwindfunclet$?overflow@?$basic_filebuf@DU?$char_traits@D@std@@@std@@MAEHH@Z$0 10018e6f f   libcpmt:cout.obj
 0001:00017e77       __ehhandler$?overflow@?$basic_filebuf@DU?$char_traits@D@std@@@std@@MAEHH@Z 10018e77 f   libcpmt:cout.obj
 0001:00017e9c       __unwindfunclet$?uflow@?$basic_filebuf@DU?$char_traits@D@std@@@std@@MAEHXZ$0 10018e9c f   libcpmt:cout.obj
 0001:00017ea4       __ehhandler$?uflow@?$basic_filebuf@DU?$char_traits@D@std@@@std@@MAEHXZ 10018ea4 f   libcpmt:cout.obj
 0001:00017ec9       __ehhandler$?CallUnexpected@@YAXPBU_s_ESTypeList@@@Z 10018ec9 f   LIBCMT:frame.obj
 0001:00017ef0       ??__Fqr_cb@@YAXXZ          10018ef0 f   turnstile.obj
 0001:00017ef1       ??__F_Fac_tidy_reg@std@@YAXXZ 10018ef1 f   libcpmt:locale0.obj
 0001:00017efb       ??__Fclassic_locale@std@@YAXXZ 10018efb f   libcpmt:locale0.obj
 0001:00017f05       ??__Fcout@std@@YAXXZ       10018f05 f   libcpmt:cout.obj
 0001:00017f0f       ??__Ffout@std@@YAXXZ       10018f0f f   libcpmt:cout.obj
 0001:00017f19       ??__Finitlocks@@YAXXZ      10018f19 f   libcpmt:cout.obj
 0001:00017f23       ??__Finitlocks@std@@YAXXZ  10018f23 f   libcpmt:xlock.obj
 0001:00017f2d       ??__Finit_atexit@@YAXXZ    10018f2d f   libcpmt:iosptrs.obj
 0001:00017f37       ??__Finitlocks@std@@YAXXZ  10018f37 f   libcpmt:iosptrs.obj
 0002:0000012c       _initlocks$initializer$    1001912c     libcpmt:cout.obj
 0002:00000130       _fout$initializer$         10019130     libcpmt:cout.obj
 0002:00000134       _cout$initializer$         10019134     libcpmt:cout.obj
 0002:00000138       _init_cout$initializer$    10019138     libcpmt:cout.obj
 0002:0000013c       _initlocks$initializer$    1001913c     libcpmt:xlock.obj
 0002:00000140       _initlocks$initializer$    10019140     libcpmt:iosptrs.obj
 0002:00000144       _init_atexit$initializer$  10019144     libcpmt:iosptrs.obj
 0002:00000148       __Fac_tidy_reg$initializer$ 10019148     libcpmt:locale0.obj
 0002:0000014c       _classic_locale$initializer$ 1001914c     libcpmt:locale0.obj
 0002:00000154       _qr_cb$initializer$        10019154     turnstile.obj
 0002:00000160       _pinit                     10019160     LIBCMT:onexit.obj
 0002:00000164       _pinit                     10019164     LIBCMT:_file.obj
 0002:00000168       _pinit                     10019168     LIBCMT:cpu_disp.obj
 0002:0000016c       _pinit                     1001916c     LIBCMT:mbctype.obj
 0002:00000178       _pterm                     10019178     LIBCMT:wsetloca.obj
 0002:0000017c       _pterm                     1001917c     LIBCMT:initcon.obj
 0002:00000180       _pterm                     10019180     LIBCMT:_file.obj
 0002:000001e0       __Win_errtab               100191e0     libcpmt:syserror.obj
 0002:00000438       __Sys_errtab               10019438     libcpmt:syserror.obj
 0002:000010e0       _digits                    1001a0e0     libcpmt:xstoul.obj
 0002:00001108       _ndigs                     1001a108     libcpmt:xstoul.obj
 0002:00001130       _digits                    1001a130     libcpmt:xstoull.obj
 0002:00001158       _ndigs                     1001a158     libcpmt:xstoull.obj
 0002:00001180       ?digits@?1??_Stoxflt@@9@9  1001a180     libcpmt:xstoxflt.obj
 0002:00001198       ?vals@?1??_Stoxflt@@9@9    1001a198     libcpmt:xstoxflt.obj
 0002:000011b0       _tenth                     1001a1b0     libcpmt:xfdtento.obj
 0002:000011c0       _tenth                     1001a1c0     libcpmt:xdtento.obj
 0002:000011d8       _tenth                     1001a1d8     libcpmt:xldtento.obj
 0002:000011f0       ?mask@?3??_FDint@@9@9      1001a1f0     libcpmt:xfdint.obj
 0002:00001210       ?sub@?3??_FDint@@9@9       1001a210     libcpmt:xfdint.obj
 0002:00001218       ?mask@?3??_Dint@@9@9       1001a218     libcpmt:xdint.obj
 0002:00001238       ?sub@?3??_Dint@@9@9        1001a238     libcpmt:xdint.obj
 0002:0000124c       ?ExceptionTemplate@?1??_CxxThrowException@@9@8@4UEHExceptionRecord@@B 1001a24c     LIBCMT:throw.obj
 0002:00003e40       _GS_ExceptionPointers      1001ce40     LIBCMT:gs_report.obj
 0002:00003fac       __mb_locale_names          1001cfac     LIBCMT:mbctype.obj
 0002:000043d8       __first_127char            1001d3d8     LIBCMT:wsetloca.obj
 0002:00004548       _rterrs                    1001d548     LIBCMT:crt0msg.obj
 0002:00005004       One                        1001e004     LIBCMT:87disp.obj
 0002:0000500c       XAMtoTagTab                1001e00c     LIBCMT:87disp.obj
 0002:00005020       One                        1001e020     LIBCMT:common.obj
 0002:00005034       DblMax                     1001e034     LIBCMT:common.obj
 0002:0000503c       DblMin                     1001e03c     LIBCMT:common.obj
 0002:00005044       IeeeAdjO                   1001e044     LIBCMT:common.obj
 0002:0000504c       IeeeAdjU                   1001e04c     LIBCMT:common.obj
 0002:00005054       _infinity                  1001e054     LIBCMT:common.obj
 0002:0000505c       _zero                      1001e05c     LIBCMT:common.obj
 0002:00005e78       _tokenTable                1001ee78     LIBCMT:undname.obj
 0002:00005eb0       _nameTable                 1001eeb0     LIBCMT:undname.obj
 0002:00005ff0       _rttiTable                 1001eff0     LIBCMT:undname.obj
 0002:00007840       __unwindtable$?_Init@locale@std@@CAPAV_Locimp@12@_N@Z 10020840     libcpmt:locale0.obj
 0002:00007840       __unwindtable$?_Locimp_dtor@_Locimp@locale@std@@CAXPAV123@@Z 10020840     libcpmt:locale0.obj
 0002:00007848       __ehfuncinfo$?_Locimp_dtor@_Locimp@locale@std@@CAXPAV123@@Z 10020848     libcpmt:locale0.obj
 0002:00007848       __ehfuncinfo$?_Init@locale@std@@CAPAV_Locimp@12@_N@Z 10020848     libcpmt:locale0.obj
 0002:0000786c       __unwindtable$??0?$basic_ostream@DU?$char_traits@D@std@@@std@@QAE@PAV?$basic_streambuf@DU?$char_traits@D@std@@@1@_N@Z 1002086c     libcpmt:cout.obj
 0002:00007874       __ehfuncinfo$??0?$basic_ostream@DU?$char_traits@D@std@@@std@@QAE@PAV?$basic_streambuf@DU?$char_traits@D@std@@@1@_N@Z 10020874     libcpmt:cout.obj
 0002:00007898       __unwindtable$?overflow@?$basic_filebuf@DU?$char_traits@D@std@@@std@@MAEHH@Z 10020898     libcpmt:cout.obj
 0002:000078a0       __ehfuncinfo$?overflow@?$basic_filebuf@DU?$char_traits@D@std@@@std@@MAEHH@Z 100208a0     libcpmt:cout.obj
 0002:000078c4       __unwindtable$?uflow@?$basic_filebuf@DU?$char_traits@D@std@@@std@@MAEHXZ 100208c4     libcpmt:cout.obj
 0002:000078cc       __ehfuncinfo$?uflow@?$basic_filebuf@DU?$char_traits@D@std@@@std@@MAEHXZ 100208cc     libcpmt:cout.obj
 0002:000078f0       __unwindtable$?_Endwrite@?$basic_filebuf@DU?$char_traits@D@std@@@std@@IAE_NXZ 100208f0     libcpmt:cout.obj
 0002:000078f8       __ehfuncinfo$?_Endwrite@?$basic_filebuf@DU?$char_traits@D@std@@@std@@IAE_NXZ 100208f8     libcpmt:cout.obj
 0002:0000791c       __unwindtable$?_Getcat@?$codecvt@DDH@std@@SAIPAPBVfacet@locale@2@PBV42@@Z 1002091c     libcpmt:cout.obj
 0002:00007924       __ehfuncinfo$?_Getcat@?$codecvt@DDH@std@@SAIPAPBVfacet@locale@2@PBV42@@Z 10020924     libcpmt:cout.obj
 0002:00007948       __unwindtable$??$use_facet@V?$codecvt@DDH@std@@@std@@YAABV?$codecvt@DDH@0@ABVlocale@0@@Z 10020948     libcpmt:cout.obj
 0002:00007950       __ehfuncinfo$??$use_facet@V?$codecvt@DDH@std@@@std@@YAABV?$codecvt@DDH@0@ABVlocale@0@@Z 10020950     libcpmt:cout.obj
 0002:000079b0       __sehtable$__onexit        100209b0     LIBCMT:onexit.obj
 0002:000079d0       __sehtable$__CRT_INIT@12   100209d0     LIBCMT:dllcrt0.obj
 0002:000079f0       __sehtable$___DllMainCRTStartup 100209f0     LIBCMT:dllcrt0.obj
 0002:00007a10       __sehtable$_setlocale      10020a10     LIBCMT:setlocal.obj
 0002:00007a30       __sehtable$_fclose         10020a30     LIBCMT:fclose.obj
 0002:00007a50       __sehtable$_fflush         10020a50     LIBCMT:fflush.obj
 0002:00007a70       __sehtable$_flsall         10020a70     LIBCMT:fflush.obj
 0002:00007a98       __sehtable$_fgetc          10020a98     LIBCMT:fgetc.obj
 0002:00007ab8       __sehtable$_fputc          10020ab8     LIBCMT:fputc.obj
 0002:00007ad8       __sehtable$__fseeki64      10020ad8     LIBCMT:fseeki64.obj
 0002:00007af8       __sehtable$_fwrite         10020af8     LIBCMT:fwrite.obj
 0002:00007b18       __sehtable$_setvbuf        10020b18     LIBCMT:setvbuf.obj
 0002:00007b38       __sehtable$_ungetc         10020b38     LIBCMT:ungetc.obj
 0002:00007b58       __sehtable$__mtinitlocknum 10020b58     LIBCMT:mlock.obj
 0002:00007b78       __sehtable$_doexit         10020b78     LIBCMT:crt0dat.obj
 0002:00007b98       __sehtable$___set_fpsr_sse2 10020b98     LIBCMT:fpctrl.obj
 0002:00007bb8       __sehtable$_raise          10020bb8     LIBCMT:winsig.obj
 0002:00007bd8       __sehtable$___updatetlocinfo 10020bd8     LIBCMT:localref.obj
 0002:00007bf8       __sehtable$___updatetmbcinfo 10020bf8     LIBCMT:mbctype.obj
 0002:00007c18       __sehtable$__setmbcp       10020c18     LIBCMT:mbctype.obj
 0002:00007c38       __sehtable$__freefls@4     10020c38     LIBCMT:tidtable.obj
 0002:00007c60       __sehtable$__initptd       10020c60     LIBCMT:tidtable.obj
 0002:00007c88       __sehtable$__wsetlocale    10020c88     LIBCMT:wsetloca.obj
 0002:00007cc0       __sehtable$__locterm       10020cc0     LIBCMT:wsetloca.obj
 0002:00007ce0       __sehtable$__ioinit        10020ce0     LIBCMT:ioinit.obj
 0002:00007d00       __sehtable$?terminate@@YAXXZ 10020d00     LIBCMT:hooks.obj
 0002:00007d20       __sehtable$?_inconsistency@@YAXXZ 10020d20     LIBCMT:hooks.obj
 0002:00007d40       __sehtable$___FrameUnwindToState 10020d40     LIBCMT:frame.obj
 0002:00007d68       __sehtable$?CallCatchBlock@@YAPAXPAUEHExceptionRecord@@PAUEHRegistrationNode@@PAU_CONTEXT@@PBU_s_FuncInfo@@PAXHK@Z 10020d68     LIBCMT:frame.obj
 0002:00007d90       __sehtable$___BuildCatchObject 10020d90     LIBCMT:frame.obj
 0002:00007db0       __sehtable$___DestructExceptionObject 10020db0     LIBCMT:frame.obj
 0002:00007dcc       __catchsym$?CallUnexpected@@YAXPBU_s_ESTypeList@@@Z$2 10020dcc     LIBCMT:frame.obj
 0002:00007ddc       __unwindtable$?CallUnexpected@@YAXPBU_s_ESTypeList@@@Z 10020ddc     LIBCMT:frame.obj
 0002:00007dec       __tryblocktable$?CallUnexpected@@YAXPBU_s_ESTypeList@@@Z 10020dec     LIBCMT:frame.obj
 0002:00007e00       __ehfuncinfo$?CallUnexpected@@YAXPBU_s_ESTypeList@@@Z 10020e00     LIBCMT:frame.obj
 0002:00007e28       __sehtable$___BuildCatchObjectHelper 10020e28     LIBCMT:frame.obj
 0002:00007e80       __sehtable$?_Type_info_dtor@type_info@@CAXPAV1@@Z 10020e80     LIBCMT:typname.obj
 0002:00007ea0       __sehtable$__fcloseall     10020ea0     LIBCMT:closeall.obj
 0002:00007ec0       __sehtable$__close         10020ec0     LIBCMT:close.obj
 0002:00007ee0       __sehtable$__commit        10020ee0     LIBCMT:commit.obj
 0002:00007f00       __sehtable$__write         10020f00     LIBCMT:write.obj
 0002:00007f20       __sehtable$__ftelli64      10020f20     LIBCMT:ftelli64.obj
 0002:00007f40       __sehtable$__lseeki64      10020f40     LIBCMT:lseeki64.obj
 0002:00007f60       __sehtable$__IsNonwritableInCurrentImage 10020f60     LIBCMT:pesect.obj
 0002:00007f80       __sehtable$___lock_fhandle 10020f80     LIBCMT:osfinfo.obj
 0002:00007fa0       __sehtable$__read          10020fa0     LIBCMT:read.obj
 0002:00008460       .edata                     10021460     turnstile.exp
 0002:00008488       rgpv                       10021488     turnstile.exp
 0002:0000848c       rgszName                   1002148c     turnstile.exp
 0002:00008490       rgwOrd                     10021490     turnstile.exp
 0002:00008492       szName                     10021492     turnstile.exp
 0002:000084a1       $N00001                    100214a1     turnstile.exp
 0002:00008652       .idata$6                   10021652     kernel32:KERNEL32.dll
 0002:0000866e       .idata$6                   1002166e     user32:USER32.dll
 0003:00000000       _init                      10022000     libcpmt:xlock.obj
 0003:00000008       _atcount_cdecl             10022008     libcpmt:iosptrs.obj
 0003:00000460       __locktable                10022460     LIBCMT:mlock.obj
 0003:000005f4       ?isPackaged@?1??__crtIsPackagedApp@@9@9 100225f4     LIBCMT:winapisupp.obj
 0003:000005f8       _errtable                  100225f8     LIBCMT:dosmap.obj
 0003:00000760       _ErrnoNoMem                10022760     LIBCMT:dosmap.obj
 0003:00000764       _DoserrorNoMem             10022764     LIBCMT:dosmap.obj
 0003:00000770       _NAME_                     10022770     LIBCMT:sqrt.obj
 0003:000007a8       ?_names@?1??_get_fname@@9@9 100227a8     LIBCMT:fpexcept.obj
 0003:00000890       _over                      10022890     LIBCMT:fpctrl.obj
 0003:0000089c       _under                     1002289c     LIBCMT:fpctrl.obj
 0003:000008a8       ?__DAZ_ENABLED@?1??__set_fpsr_sse2@@9@9 100228a8     LIBCMT:fpctrl.obj
 0003:00000ce0       ___rgctypeflag             10022ce0     LIBCMT:mbctype.obj
 0003:00000ce8       ___rgcode_page_info        10022ce8     LIBCMT:mbctype.obj
 0003:0000100c       __ctype_loc_style          1002300c     LIBCMT:wsetloca.obj
 0003:00001080       _dststart                  10023080     LIBCMT:tzset.obj
 0003:0000108c       _dstend                    1002308c     LIBCMT:tzset.obj
 0003:000010a8       _tzstd                     100230a8     LIBCMT:timeset.obj
 0003:000010e8       _tzdst                     100230e8     LIBCMT:timeset.obj
 0003:000012b8       _DoubleFormat              100232b8     LIBCMT:intrncvt.obj
 0003:000012d0       _FloatFormat               100232d0     LIBCMT:intrncvt.obj
 0003:000015c0       __module                   100235c0     turnstile.obj
 0003:000019a4       _allocator_arg             100239a4     libcpmt:syserror.obj
 0003:000019a5       _piecewise_construct       100239a5     libcpmt:syserror.obj
 0003:000019a6       __Tuple_alloc              100239a6     libcpmt:xthrow.obj
 0003:000019a7       _ignore                    100239a7     libcpmt:xthrow.obj
 0003:000019a8       _allocator_arg             100239a8     libcpmt:xthrow.obj
 0003:000019a9       _piecewise_construct       100239a9     libcpmt:xthrow.obj
 0003:000019b0       _global_locale             100239b0     libcpmt:locale0.obj
 0003:000019b8       __Fac_head                 100239b8     libcpmt:locale0.obj
 0003:000019c4       _allocator_arg             100239c4     libcpmt:locale0.obj
 0003:000019c5       _piecewise_construct       100239c5     libcpmt:locale0.obj
 0003:000019c6       __Fac_tidy_reg             100239c6     libcpmt:locale0.obj
 0003:000019d0       _classic_locale            100239d0     libcpmt:locale0.obj
 0003:000019d8       ?registered@?1??_Setgloballocale@locale@std@@CAXPAX@Z@4_NA 100239d8     libcpmt:locale0.obj
 0003:000019e0       _init_cout                 100239e0     libcpmt:cout.obj
 0003:000019e1       _allocator_arg             100239e1     libcpmt:cout.obj
 0003:000019e2       _piecewise_construct       100239e2     libcpmt:cout.obj
 0003:000019e3       _initlocks                 100239e3     libcpmt:cout.obj
 0003:000019e8       _fout                      100239e8     libcpmt:cout.obj
 0003:00001aa0       _initlocks                 10023aa0     libcpmt:xlock.obj
 0003:00001aa8       _mtx                       10023aa8     libcpmt:xlock.obj
 0003:00001b28       _atfuns_cdecl              10023b28     libcpmt:iosptrs.obj
 0003:00001b50       _initlocks                 10023b50     libcpmt:iosptrs.obj
 0003:00001b51       _allocator_arg             10023b51     libcpmt:iosptrs.obj
 0003:00001b52       _piecewise_construct       10023b52     libcpmt:iosptrs.obj
 0003:00001b53       _init_atexit               10023b53     libcpmt:iosptrs.obj
 0003:00001b54       _allocator_arg             10023b54     libcpmt:locale.obj
 0003:00001b55       _piecewise_construct       10023b55     libcpmt:locale.obj
 0003:00001b64       _stdstr                    10023b64     libcpmt:ios.obj
 0003:00001b8c       _stdopens                  10023b8c     libcpmt:ios.obj
 0003:00001b96       _allocator_arg             10023b96     libcpmt:ios.obj
 0003:00001b97       _piecewise_construct       10023b97     libcpmt:ios.obj
 0003:00001b98       _allocator_arg             10023b98     libcpmt:wlocale.obj
 0003:00001b99       _piecewise_construct       10023b99     libcpmt:wlocale.obj
 0003:00001bf0       _allocator_arg             10023bf0     libcpmt:xlocale.obj
 0003:00001bf1       _piecewise_construct       10023bf1     libcpmt:xlocale.obj
 0003:00001c14       _allocator_arg             10023c14     libcpmt:xdateord.obj
 0003:00001c15       _piecewise_construct       10023c15     libcpmt:xdateord.obj
 0003:00001c34       ___enable_percent_n        10023c34     LIBCMT:printf.obj
 0003:00001c38       ___proc_attached           10023c38     LIBCMT:dllcrt0.obj
 0003:00001c50       _lclcritsects              10023c50     LIBCMT:mlock.obj
 0003:00001dac       ___crtCallProc             10023dac     LIBCMT:winapinls.obj
 0003:00001db0       _GS_ExceptionRecord        10023db0     LIBCMT:gs_report.obj
 0003:00001e00       _GS_ContextRecord          10023e00     LIBCMT:gs_report.obj
 0003:000020cc       _DebuggerWasPresent        100240cc     LIBCMT:gs_report.obj
 0003:00002114       _ctrlc_action              10024114     LIBCMT:winsig.obj
 0003:00002118       _ctrlbreak_action          10024118     LIBCMT:winsig.obj
 0003:0000211c       _abort_action              1002411c     LIBCMT:winsig.obj
 0003:00002120       _term_action               10024120     LIBCMT:winsig.obj
 0003:00002124       _ConsoleCtrlHandler_Installed 10024124     LIBCMT:winsig.obj
 0003:0000214c       _fSystemSet                1002414c     LIBCMT:mbctype.obj
 0003:00002258       ?_pgmname@?1??_setargv@@9@9 10024258     LIBCMT:stdargv.obj
 0003:00002368       ___type_info_root_node     10024368     LIBCMT:typname.obj
 0003:00002378       ?outmsg@?9??_NMSG_WRITE@@9@9 10024378     LIBCMT:crt0msg.obj
 0003:000029a8       _lastTZ                    100249a8     LIBCMT:tzset.obj
 0003:000029ac       ?first_time@?1??__tzset@@9@9 100249ac     LIBCMT:tzset.obj
 0003:000029b0       _tzapiused                 100249b0     LIBCMT:tzset.obj
 0003:000029b8       _tzinfo                    100249b8     LIBCMT:tzset.obj
 0003:00002a64       _g_pfnRtlGenRandom         10024a64     LIBCMT:rand_s.obj
 0003:00002a90       _heap                      10024a90     LIBCMT:undname.obj
 0003:00002aac       ?pfnMessageBox@?1??__crtMessageBoxW@@9@9 10024aac     LIBCMT:crtmboxw.obj
 0003:00002ab0       ?pfnGetActiveWindow@?1??__crtMessageBoxW@@9@9 10024ab0     LIBCMT:crtmboxw.obj
 0003:00002ab4       ?pfnGetLastActivePopup@?1??__crtMessageBoxW@@9@9 10024ab4     LIBCMT:crtmboxw.obj
 0003:00002ab8       ?pfnGetProcessWindowStation@?1??__crtMessageBoxW@@9@9 10024ab8     LIBCMT:crtmboxw.obj
 0003:00002abc       ?pfnGetUserObjectInformation@?1??__crtMessageBoxW@@9@9 10024abc     LIBCMT:crtmboxw.obj
 0003:00002b1c       _allocator_arg             10024b1c     turnstile.obj
 0003:00002b1d       _piecewise_construct       10024b1d     turnstile.obj
 0003:00002b1e       _allocator_arg             10024b1e     win32lib.obj
 0003:00002b1f       _piecewise_construct       10024b1f     win32lib.obj
 0003:00002b24       _allocator_arg             10024b24     icbc.obj
 0003:00002b25       _piecewise_construct       10024b25     icbc.obj
 0004:00000060       $R000000                   10026060     * linker generated manifest res *

 Exports

  ordinal    name

        1    __register_turnstile_
               exported name: _register_turnstile_
